Archive member included to satisfy reference by file (symbol)

c:/gd32embeddedbuilder_1.5.3.31964/gd32embeddedbuilder_1.5.3.31964/tools/gnu tools arm embedded/xpack-arm-none-eabi-gcc/9.2.1-1.1/bin/../lib/gcc/arm-none-eabi/9.2.1/../../../../arm-none-eabi/lib/thumb/v7e-m/nofp\libg_nano.a(lib_a-exit.o)
                              c:/gd32embeddedbuilder_1.5.3.31964/gd32embeddedbuilder_1.5.3.31964/tools/gnu tools arm embedded/xpack-arm-none-eabi-gcc/9.2.1-1.1/bin/../lib/gcc/arm-none-eabi/9.2.1/../../../../arm-none-eabi/lib/thumb/v7e-m/nofp/crt0.o (exit)
c:/gd32embeddedbuilder_1.5.3.31964/gd32embeddedbuilder_1.5.3.31964/tools/gnu tools arm embedded/xpack-arm-none-eabi-gcc/9.2.1-1.1/bin/../lib/gcc/arm-none-eabi/9.2.1/../../../../arm-none-eabi/lib/thumb/v7e-m/nofp\libg_nano.a(lib_a-impure.o)
                              c:/gd32embeddedbuilder_1.5.3.31964/gd32embeddedbuilder_1.5.3.31964/tools/gnu tools arm embedded/xpack-arm-none-eabi-gcc/9.2.1-1.1/bin/../lib/gcc/arm-none-eabi/9.2.1/../../../../arm-none-eabi/lib/thumb/v7e-m/nofp\libg_nano.a(lib_a-exit.o) (_global_impure_ptr)
c:/gd32embeddedbuilder_1.5.3.31964/gd32embeddedbuilder_1.5.3.31964/tools/gnu tools arm embedded/xpack-arm-none-eabi-gcc/9.2.1-1.1/bin/../lib/gcc/arm-none-eabi/9.2.1/../../../../arm-none-eabi/lib/thumb/v7e-m/nofp\libg_nano.a(lib_a-init.o)
                              c:/gd32embeddedbuilder_1.5.3.31964/gd32embeddedbuilder_1.5.3.31964/tools/gnu tools arm embedded/xpack-arm-none-eabi-gcc/9.2.1-1.1/bin/../lib/gcc/arm-none-eabi/9.2.1/../../../../arm-none-eabi/lib/thumb/v7e-m/nofp/crt0.o (__libc_init_array)
c:/gd32embeddedbuilder_1.5.3.31964/gd32embeddedbuilder_1.5.3.31964/tools/gnu tools arm embedded/xpack-arm-none-eabi-gcc/9.2.1-1.1/bin/../lib/gcc/arm-none-eabi/9.2.1/../../../../arm-none-eabi/lib/thumb/v7e-m/nofp\libg_nano.a(lib_a-memset.o)
                              c:/gd32embeddedbuilder_1.5.3.31964/gd32embeddedbuilder_1.5.3.31964/tools/gnu tools arm embedded/xpack-arm-none-eabi-gcc/9.2.1-1.1/bin/../lib/gcc/arm-none-eabi/9.2.1/../../../../arm-none-eabi/lib/thumb/v7e-m/nofp/crt0.o (memset)
c:/gd32embeddedbuilder_1.5.3.31964/gd32embeddedbuilder_1.5.3.31964/tools/gnu tools arm embedded/xpack-arm-none-eabi-gcc/9.2.1-1.1/bin/../lib/gcc/arm-none-eabi/9.2.1/../../../../arm-none-eabi/lib/thumb/v7e-m/nofp\libg_nano.a(lib_a-printf.o)
                              ./src/main.o (printf)
c:/gd32embeddedbuilder_1.5.3.31964/gd32embeddedbuilder_1.5.3.31964/tools/gnu tools arm embedded/xpack-arm-none-eabi-gcc/9.2.1-1.1/bin/../lib/gcc/arm-none-eabi/9.2.1/../../../../arm-none-eabi/lib/thumb/v7e-m/nofp\libg_nano.a(lib_a-reent.o)
                              ./Firmware/CMSIS/GD/GD32F30x/Source/syscalls.o (errno)
c:/gd32embeddedbuilder_1.5.3.31964/gd32embeddedbuilder_1.5.3.31964/tools/gnu tools arm embedded/xpack-arm-none-eabi-gcc/9.2.1-1.1/bin/../lib/gcc/arm-none-eabi/9.2.1/../../../../arm-none-eabi/lib/thumb/v7e-m/nofp\libg_nano.a(lib_a-findfp.o)
                              c:/gd32embeddedbuilder_1.5.3.31964/gd32embeddedbuilder_1.5.3.31964/tools/gnu tools arm embedded/xpack-arm-none-eabi-gcc/9.2.1-1.1/bin/../lib/gcc/arm-none-eabi/9.2.1/../../../../arm-none-eabi/lib/thumb/v7e-m/nofp\libg_nano.a(lib_a-printf.o) (__sinit)
c:/gd32embeddedbuilder_1.5.3.31964/gd32embeddedbuilder_1.5.3.31964/tools/gnu tools arm embedded/xpack-arm-none-eabi-gcc/9.2.1-1.1/bin/../lib/gcc/arm-none-eabi/9.2.1/../../../../arm-none-eabi/lib/thumb/v7e-m/nofp\libg_nano.a(lib_a-fwalk.o)
                              c:/gd32embeddedbuilder_1.5.3.31964/gd32embeddedbuilder_1.5.3.31964/tools/gnu tools arm embedded/xpack-arm-none-eabi-gcc/9.2.1-1.1/bin/../lib/gcc/arm-none-eabi/9.2.1/../../../../arm-none-eabi/lib/thumb/v7e-m/nofp\libg_nano.a(lib_a-findfp.o) (_fwalk)
c:/gd32embeddedbuilder_1.5.3.31964/gd32embeddedbuilder_1.5.3.31964/tools/gnu tools arm embedded/xpack-arm-none-eabi-gcc/9.2.1-1.1/bin/../lib/gcc/arm-none-eabi/9.2.1/../../../../arm-none-eabi/lib/thumb/v7e-m/nofp\libg_nano.a(lib_a-lock.o)
                              c:/gd32embeddedbuilder_1.5.3.31964/gd32embeddedbuilder_1.5.3.31964/tools/gnu tools arm embedded/xpack-arm-none-eabi-gcc/9.2.1-1.1/bin/../lib/gcc/arm-none-eabi/9.2.1/../../../../arm-none-eabi/lib/thumb/v7e-m/nofp\libg_nano.a(lib_a-findfp.o) (__retarget_lock_init_recursive)
c:/gd32embeddedbuilder_1.5.3.31964/gd32embeddedbuilder_1.5.3.31964/tools/gnu tools arm embedded/xpack-arm-none-eabi-gcc/9.2.1-1.1/bin/../lib/gcc/arm-none-eabi/9.2.1/../../../../arm-none-eabi/lib/thumb/v7e-m/nofp\libg_nano.a(lib_a-nano-freer.o)
                              c:/gd32embeddedbuilder_1.5.3.31964/gd32embeddedbuilder_1.5.3.31964/tools/gnu tools arm embedded/xpack-arm-none-eabi-gcc/9.2.1-1.1/bin/../lib/gcc/arm-none-eabi/9.2.1/../../../../arm-none-eabi/lib/thumb/v7e-m/nofp\libg_nano.a(lib_a-reent.o) (_free_r)
[...]
Memory Configuration

Name             Origin             Length             Attributes
FLASH            0x08000000         0x00040000         xr
RAM              0x20000000         0x0000c000         xrw
*default*        0x00000000         0xffffffff

Linker script and memory map

LOAD c:/gd32embeddedbuilder_1.5.3.31964/gd32embeddedbuilder_1.5.3.31964/tools/gnu tools arm embedded/xpack-arm-none-eabi-gcc/9.2.1-1.1/bin/../lib/gcc/arm-none-eabi/9.2.1/thumb/v7e-m/nofp/crti.o
LOAD c:/gd32embeddedbuilder_1.5.3.31964/gd32embeddedbuilder_1.5.3.31964/tools/gnu tools arm embedded/xpack-arm-none-eabi-gcc/9.2.1-1.1/bin/../lib/gcc/arm-none-eabi/9.2.1/thumb/v7e-m/nofp/crtbegin.o
LOAD c:/gd32embeddedbuilder_1.5.3.31964/gd32embeddedbuilder_1.5.3.31964/tools/gnu tools arm embedded/xpack-arm-none-eabi-gcc/9.2.1-1.1/bin/../lib/gcc/arm-none-eabi/9.2.1/../../../../arm-none-eabi/lib/thumb/v7e-m/nofp/crt0.o
LOAD ./src/gd32f307c_eval.o
LOAD ./src/gd32f30x_it.o
LOAD ./src/main.o
LOAD ./src/systick.o
LOAD ./gcc_startup/startup_gd32f30x_hd.o
LOAD ./Firmware/GD32F30x_standard_peripheral/Source/gd32f30x_adc.o
LOAD ./Firmware/GD32F30x_standard_peripheral/Source/gd32f30x_bkp.o
LOAD ./Firmware/GD32F30x_standard_peripheral/Source/gd32f30x_can.o
LOAD ./Firmware/GD32F30x_standard_peripheral/Source/gd32f30x_crc.o
LOAD ./Firmware/GD32F30x_standard_peripheral/Source/gd32f30x_ctc.o
LOAD ./Firmware/GD32F30x_standard_peripheral/Source/gd32f30x_dac.o
LOAD ./Firmware/GD32F30x_standard_peripheral/Source/gd32f30x_dbg.o
LOAD ./Firmware/GD32F30x_standard_peripheral/Source/gd32f30x_dma.o
LOAD ./Firmware/GD32F30x_standard_peripheral/Source/gd32f30x_enet.o
LOAD ./Firmware/GD32F30x_standard_peripheral/Source/gd32f30x_exmc.o
LOAD ./Firmware/GD32F30x_standard_peripheral/Source/gd32f30x_exti.o
LOAD ./Firmware/GD32F30x_standard_peripheral/Source/gd32f30x_fmc.o
LOAD ./Firmware/GD32F30x_standard_peripheral/Source/gd32f30x_fwdgt.o
LOAD ./Firmware/GD32F30x_standard_peripheral/Source/gd32f30x_gpio.o
LOAD ./Firmware/GD32F30x_standard_peripheral/Source/gd32f30x_i2c.o
LOAD ./Firmware/GD32F30x_standard_peripheral/Source/gd32f30x_misc.o
LOAD ./Firmware/GD32F30x_standard_peripheral/Source/gd32f30x_pmu.o
LOAD ./Firmware/GD32F30x_standard_peripheral/Source/gd32f30x_rcu.o
LOAD ./Firmware/GD32F30x_standard_peripheral/Source/gd32f30x_rtc.o
LOAD ./Firmware/GD32F30x_standard_peripheral/Source/gd32f30x_sdio.o
LOAD ./Firmware/GD32F30x_standard_peripheral/Source/gd32f30x_spi.o
LOAD ./Firmware/GD32F30x_standard_peripheral/Source/gd32f30x_timer.o
LOAD ./Firmware/GD32F30x_standard_peripheral/Source/gd32f30x_usart.o
LOAD ./Firmware/GD32F30x_standard_peripheral/Source/gd32f30x_wwdgt.o
LOAD ./Firmware/CMSIS/GD/GD32F30x/Source/syscalls.o
LOAD ./Firmware/CMSIS/GD/GD32F30x/Source/system_gd32f30x.o
START GROUP
LOAD c:/gd32embeddedbuilder_1.5.3.31964/gd32embeddedbuilder_1.5.3.31964/tools/gnu tools arm embedded/xpack-arm-none-eabi-gcc/9.2.1-1.1/bin/../lib/gcc/arm-none-eabi/9.2.1/thumb/v7e-m/nofp\libgcc.a
LOAD c:/gd32embeddedbuilder_1.5.3.31964/gd32embeddedbuilder_1.5.3.31964/tools/gnu tools arm embedded/xpack-arm-none-eabi-gcc/9.2.1-1.1/bin/../lib/gcc/arm-none-eabi/9.2.1/../../../../arm-none-eabi/lib/thumb/v7e-m/nofp\libg_nano.a
LOAD c:/gd32embeddedbuilder_1.5.3.31964/gd32embeddedbuilder_1.5.3.31964/tools/gnu tools arm embedded/xpack-arm-none-eabi-gcc/9.2.1-1.1/bin/../lib/gcc/arm-none-eabi/9.2.1/../../../../arm-none-eabi/lib/thumb/v7e-m/nofp\libc_nano.a
END GROUP
START GROUP
LOAD c:/gd32embeddedbuilder_1.5.3.31964/gd32embeddedbuilder_1.5.3.31964/tools/gnu tools arm embedded/xpack-arm-none-eabi-gcc/9.2.1-1.1/bin/../lib/gcc/arm-none-eabi/9.2.1/thumb/v7e-m/nofp\libgcc.a
LOAD c:/gd32embeddedbuilder_1.5.3.31964/gd32embeddedbuilder_1.5.3.31964/tools/gnu tools arm embedded/xpack-arm-none-eabi-gcc/9.2.1-1.1/bin/../lib/gcc/arm-none-eabi/9.2.1/../../../../arm-none-eabi/lib/thumb/v7e-m/nofp\libc_nano.a
LOAD c:/gd32embeddedbuilder_1.5.3.31964/gd32embeddedbuilder_1.5.3.31964/tools/gnu tools arm embedded/xpack-arm-none-eabi-gcc/9.2.1-1.1/bin/../lib/gcc/arm-none-eabi/9.2.1/../../../../arm-none-eabi/lib/thumb/v7e-m/nofp\libnosys.a
END GROUP
START GROUP
LOAD c:/gd32embeddedbuilder_1.5.3.31964/gd32embeddedbuilder_1.5.3.31964/tools/gnu tools arm embedded/xpack-arm-none-eabi-gcc/9.2.1-1.1/bin/../lib/gcc/arm-none-eabi/9.2.1/thumb/v7e-m/nofp\libgcc.a
LOAD c:/gd32embeddedbuilder_1.5.3.31964/gd32embeddedbuilder_1.5.3.31964/tools/gnu tools arm embedded/xpack-arm-none-eabi-gcc/9.2.1-1.1/bin/../lib/gcc/arm-none-eabi/9.2.1/../../../../arm-none-eabi/lib/thumb/v7e-m/nofp\libc_nano.a
LOAD c:/gd32embeddedbuilder_1.5.3.31964/gd32embeddedbuilder_1.5.3.31964/tools/gnu tools arm embedded/xpack-arm-none-eabi-gcc/9.2.1-1.1/bin/../lib/gcc/arm-none-eabi/9.2.1/../../../../arm-none-eabi/lib/thumb/v7e-m/nofp\libnosys.a
END GROUP
LOAD c:/gd32embeddedbuilder_1.5.3.31964/gd32embeddedbuilder_1.5.3.31964/tools/gnu tools arm embedded/xpack-arm-none-eabi-gcc/9.2.1-1.1/bin/../lib/gcc/arm-none-eabi/9.2.1/thumb/v7e-m/nofp/crtend.o
LOAD c:/gd32embeddedbuilder_1.5.3.31964/gd32embeddedbuilder_1.5.3.31964/tools/gnu tools arm embedded/xpack-arm-none-eabi-gcc/9.2.1-1.1/bin/../lib/gcc/arm-none-eabi/9.2.1/thumb/v7e-m/nofp/crtn.o
                0x00000800                __stack_size = DEFINED (__stack_size)?__stack_size:0x800
                0x00000400                __heap_size = DEFINED (__heap_size)?__heap_size:0x400

.vectors        0x08000000      0x130
                0x08000000                . = ALIGN (0x4)
 *(.vectors)
 .vectors       0x08000000      0x130 ./gcc_startup/startup_gd32f30x_hd.o
                0x08000000                __gVectors
                0x08000130                . = ALIGN (0x4)
                0x08000130                __Vectors_End = .
                0x08000130                __Vectors_Size = (__Vectors_End - __gVectors)

.text           0x08000130     0x2bcc
                0x08000130                . = ALIGN (0x4)
 *(.text)
 .text          0x08000130       0xa0 c:/gd32embeddedbuilder_1.5.3.31964/gd32embeddedbuilder_1.5.3.31964/tools/gnu tools arm embedded/xpack-arm-none-eabi-gcc/9.2.1-1.1/bin/../lib/gcc/arm-none-eabi/9.2.1/../../../../arm-none-eabi/lib/thumb/v7e-m/nofp\libg_nano.a(lib_a-memchr.o)
                0x08000130                memchr
 *(.text*)
 .text.__do_global_dtors_aux
                0x080001d0       0x24 c:/gd32embeddedbuilder_1.5.3.31964/gd32embeddedbuilder_1.5.3.31964/tools/gnu tools arm embedded/xpack-arm-none-eabi-gcc/9.2.1-1.1/bin/../lib/gcc/arm-none-eabi/9.2.1/thumb/v7e-m/nofp/crtbegin.o
 .text.frame_dummy
                0x080001f4       0x1c c:/gd32embeddedbuilder_1.5.3.31964/gd32embeddedbuilder_1.5.3.31964/tools/gnu tools arm embedded/xpack-arm-none-eabi-gcc/9.2.1-1.1/bin/../lib/gcc/arm-none-eabi/9.2.1/thumb/v7e-m/nofp/crtbegin.o
 .text.gd_eval_led_init
                0x08000210       0x5c ./src/gd32f307c_eval.o
                0x08000210                gd_eval_led_init
 .text.gd_eval_led_on
                0x0800026c       0x34 ./src/gd32f307c_eval.o
                0x0800026c                gd_eval_led_on
 .text.gd_eval_led_off
                0x080002a0       0x34 ./src/gd32f307c_eval.o
                0x080002a0                gd_eval_led_off
 .text.gd_eval_key_init
                0x080002d4       0xac ./src/gd32f307c_eval.o
                0x080002d4                gd_eval_key_init
 .text.gd_eval_com_init
                0x08000380       0xbc ./src/gd32f307c_eval.o
                0x08000380                gd_eval_com_init
 .text.NMI_Handler
                0x0800043c        0xc ./src/gd32f30x_it.o
                0x0800043c                NMI_Handler
 .text.HardFault_Handler
                0x08000448        0x6 ./src/gd32f30x_it.o
                0x08000448                HardFault_Handler
 .text.MemManage_Handler
                0x0800044e        0x6 ./src/gd32f30x_it.o
                0x0800044e                MemManage_Handler
 .text.BusFault_Handler
                0x08000454        0x6 ./src/gd32f30x_it.o
                0x08000454                BusFault_Handler
 .text.UsageFault_Handler
                0x0800045a        0x6 ./src/gd32f30x_it.o
                0x0800045a                UsageFault_Handler
 .text.SVC_Handler
                0x08000460        0xc ./src/gd32f30x_it.o
                0x08000460                SVC_Handler
 .text.DebugMon_Handler
                0x0800046c        0xc ./src/gd32f30x_it.o
                0x0800046c                DebugMon_Handler
 .text.PendSV_Handler
                0x08000478        0xc ./src/gd32f30x_it.o
                0x08000478                PendSV_Handler
 .text.SysTick_Handler
                0x08000484       0x10 ./src/gd32f30x_it.o
                0x08000484                SysTick_Handler
 .text.led_spark
                0x08000494       0x40 ./src/main.o
                0x08000494                led_spark
 .text.main     0x080004d4      0x190 ./src/main.o
                0x080004d4                main
 .text.can_networking_init
                0x08000664       0x94 ./src/main.o
                0x08000664                can_networking_init
 .text.gpio_config
                0x080006f8       0x38 ./src/main.o
                0x080006f8                gpio_config
 .text.__io_putchar
                0x08000730       0x34 ./src/main.o
                0x08000730                __io_putchar
 .text.NVIC_SetPriority
                0x08000764       0x54 ./src/systick.o
 .text.SysTick_Config
                0x080007b8       0x44 ./src/systick.o
 .text.systick_config
                0x080007fc       0x34 ./src/systick.o
                0x080007fc                systick_config
 .text.delay_1ms
                0x08000830       0x28 ./src/systick.o
                0x08000830                delay_1ms
 .text.delay_decrement
                0x08000858       0x24 ./src/systick.o
                0x08000858                delay_decrement
 .text.Reset_Handler
                0x0800087c       0x48 ./gcc_startup/startup_gd32f30x_hd.o
                0x0800087c                Reset_Handler
 .text.Default_Handler
                0x080008c4        0x2 ./gcc_startup/startup_gd32f30x_hd.o
                0x080008c4                RTC_Alarm_IRQHandler
                0x080008c4                EXTI2_IRQHandler
                0x080008c4                TIMER2_IRQHandler
                0x080008c4                TIMER5_IRQHandler
                0x080008c4                LVD_IRQHandler
                0x080008c4                TIMER0_BRK_IRQHandler
                0x080008c4                ADC0_1_IRQHandler
                0x080008c4                TIMER0_UP_IRQHandler
                0x080008c4                SDIO_IRQHandler
                0x080008c4                EXTI3_IRQHandler
                0x080008c4                TIMER3_IRQHandler
                0x080008c4                DMA0_Channel6_IRQHandler
                0x080008c4                I2C0_EV_IRQHandler
                0x080008c4                EXTI0_IRQHandler
                0x080008c4                TIMER4_IRQHandler
                0x080008c4                SPI1_IRQHandler
                0x080008c4                DMA0_Channel0_IRQHandler
                0x080008c4                TAMPER_IRQHandler
                0x080008c4                DMA1_Channel0_IRQHandler
                0x080008c4                TIMER6_IRQHandler
                0x080008c4                DMA0_Channel3_IRQHandler
                0x080008c4                I2C0_ER_IRQHandler
                0x080008c4                RTC_IRQHandler
                0x080008c4                TIMER7_UP_IRQHandler
                0x080008c4                DMA0_Channel2_IRQHandler
                0x080008c4                USART0_IRQHandler
                0x080008c4                TIMER1_IRQHandler
                0x080008c4                TIMER7_TRG_CMT_IRQHandler
                0x080008c4                TIMER0_TRG_CMT_IRQHandler
                0x080008c4                I2C1_EV_IRQHandler
                0x080008c4                UART4_IRQHandler
                0x080008c4                EXTI10_15_IRQHandler
                0x080008c4                DMA1_Channel1_IRQHandler
                0x080008c4                Default_Handler
                0x080008c4                TIMER7_Channel_IRQHandler
                0x080008c4                WWDGT_IRQHandler
                0x080008c4                EXMC_IRQHandler
                0x080008c4                ADC2_IRQHandler
                0x080008c4                SPI2_IRQHandler
                0x080008c4                USBD_WKUP_IRQHandler
                0x080008c4                RCU_CTC_IRQHandler
                0x080008c4                TIMER7_BRK_IRQHandler
                0x080008c4                EXTI4_IRQHandler
                0x080008c4                USBD_HP_CAN0_TX_IRQHandler
                0x080008c4                CAN0_RX1_IRQHandler
                0x080008c4                DMA0_Channel5_IRQHandler
                0x080008c4                EXTI5_9_IRQHandler
                0x080008c4                DMA0_Channel1_IRQHandler
                0x080008c4                TIMER0_Channel_IRQHandler
                0x080008c4                EXTI1_IRQHandler
                0x080008c4                SPI0_IRQHandler
                0x080008c4                DMA1_Channel3_4_IRQHandler
                0x080008c4                USART2_IRQHandler
                0x080008c4                CAN0_EWMC_IRQHandler
                0x080008c4                DMA1_Channel2_IRQHandler
                0x080008c4                USBD_LP_CAN0_RX0_IRQHandler
                0x080008c4                USART1_IRQHandler
                0x080008c4                UART3_IRQHandler
                0x080008c4                I2C1_ER_IRQHandler
                0x080008c4                FMC_IRQHandler
                0x080008c4                DMA0_Channel4_IRQHandler
 *fill*         0x080008c6        0x2 
 .text.can_deinit
                0x080008c8       0x2c ./Firmware/GD32F30x_standard_peripheral/Source/gd32f30x_can.o
                0x080008c8                can_deinit
 .text.can_struct_para_init
                0x080008f4      0x13c ./Firmware/GD32F30x_standard_peripheral/Source/gd32f30x_can.o
                0x080008f4                can_struct_para_init
 .text.can_init
                0x08000a30      0x1a8 ./Firmware/GD32F30x_standard_peripheral/Source/gd32f30x_can.o
                0x08000a30                can_init
 .text.can_filter_init
                0x08000bd8      0x170 ./Firmware/GD32F30x_standard_peripheral/Source/gd32f30x_can.o
                0x08000bd8                can_filter_init
 .text.can_message_transmit
                0x08000d48      0x1b6 ./Firmware/GD32F30x_standard_peripheral/Source/gd32f30x_can.o
                0x08000d48                can_message_transmit
 *fill*         0x08000efe        0x2 
 .text.can_transmit_states
                0x08000f00       0xc0 ./Firmware/GD32F30x_standard_peripheral/Source/gd32f30x_can.o
                0x08000f00                can_transmit_states
 .text.can_interrupt_enable
                0x08000fc0       0x26 ./Firmware/GD32F30x_standard_peripheral/Source/gd32f30x_can.o
                0x08000fc0                can_interrupt_enable
 *fill*         0x08000fe6        0x2 
 .text.exti_init
                0x08000fe8       0xf4 ./Firmware/GD32F30x_standard_peripheral/Source/gd32f30x_exti.o
                0x08000fe8                exti_init
 .text.exti_interrupt_flag_clear
                0x080010dc       0x1c ./Firmware/GD32F30x_standard_peripheral/Source/gd32f30x_exti.o
                0x080010dc                exti_interrupt_flag_clear
 .text.gpio_init
                0x080010f8      0x168 ./Firmware/GD32F30x_standard_peripheral/Source/gd32f30x_gpio.o
                0x080010f8                gpio_init
 .text.gpio_exti_source_select
                0x08001260       0xf0 ./Firmware/GD32F30x_standard_peripheral/Source/gd32f30x_gpio.o
                0x08001260                gpio_exti_source_select
 .text.nvic_priority_group_set
                0x08001350       0x24 ./Firmware/GD32F30x_standard_peripheral/Source/gd32f30x_misc.o
                0x08001350                nvic_priority_group_set
 .text.nvic_irq_enable
                0x08001374      0x110 ./Firmware/GD32F30x_standard_peripheral/Source/gd32f30x_misc.o
                0x08001374                nvic_irq_enable
 .text.rcu_periph_clock_enable
                0x08001484       0x44 ./Firmware/GD32F30x_standard_peripheral/Source/gd32f30x_rcu.o
                0x08001484                rcu_periph_clock_enable
 .text.rcu_periph_reset_enable
                0x080014c8       0x44 ./Firmware/GD32F30x_standard_peripheral/Source/gd32f30x_rcu.o
                0x080014c8                rcu_periph_reset_enable
 .text.rcu_periph_reset_disable
                0x0800150c       0x48 ./Firmware/GD32F30x_standard_peripheral/Source/gd32f30x_rcu.o
                0x0800150c                rcu_periph_reset_disable
 .text.rcu_clock_freq_get
                0x08001554      0x1e4 ./Firmware/GD32F30x_standard_peripheral/Source/gd32f30x_rcu.o
                0x08001554                rcu_clock_freq_get
 .text.usart_deinit
                0x08001738       0xc4 ./Firmware/GD32F30x_standard_peripheral/Source/gd32f30x_usart.o
                0x08001738                usart_deinit
 .text.usart_baudrate_set
                0x080017fc       0xe0 ./Firmware/GD32F30x_standard_peripheral/Source/gd32f30x_usart.o
                0x080017fc                usart_baudrate_set
 .text.usart_enable
                0x080018dc       0x22 ./Firmware/GD32F30x_standard_peripheral/Source/gd32f30x_usart.o
                0x080018dc                usart_enable
 .text.usart_transmit_config
                0x080018fe       0x38 ./Firmware/GD32F30x_standard_peripheral/Source/gd32f30x_usart.o
                0x080018fe                usart_transmit_config
 .text.usart_receive_config
                0x08001936       0x38 ./Firmware/GD32F30x_standard_peripheral/Source/gd32f30x_usart.o
                0x08001936                usart_receive_config
 .text.usart_data_transmit
                0x0800196e       0x22 ./Firmware/GD32F30x_standard_peripheral/Source/gd32f30x_usart.o
                0x0800196e                usart_data_transmit
 .text.usart_flag_get
                0x08001990       0x3c ./Firmware/GD32F30x_standard_peripheral/Source/gd32f30x_usart.o
                0x08001990                usart_flag_get
 .text._sbrk    0x080019cc       0x58 ./Firmware/CMSIS/GD/GD32F30x/Source/syscalls.o
                0x080019cc                _sbrk
 .text._write   0x08001a24       0x3a ./Firmware/CMSIS/GD/GD32F30x/Source/syscalls.o
                0x08001a24                _write
 .text._close   0x08001a5e       0x16 ./Firmware/CMSIS/GD/GD32F30x/Source/syscalls.o
                0x08001a5e                _close
 .text._fstat   0x08001a74       0x1e ./Firmware/CMSIS/GD/GD32F30x/Source/syscalls.o
                0x08001a74                _fstat
 .text._isatty  0x08001a92       0x14 ./Firmware/CMSIS/GD/GD32F30x/Source/syscalls.o
                0x08001a92                _isatty
 .text._lseek   0x08001aa6       0x18 ./Firmware/CMSIS/GD/GD32F30x/Source/syscalls.o
                0x08001aa6                _lseek
 .text._read    0x08001abe       0x3a ./Firmware/CMSIS/GD/GD32F30x/Source/syscalls.o
                0x08001abe                _read
 .text._soft_delay_
                0x08001af8       0x32 ./Firmware/CMSIS/GD/GD32F30x/Source/system_gd32f30x.o
 *fill*         0x08001b2a        0x2 
 .text.SystemInit
                0x08001b2c      0x154 ./Firmware/CMSIS/GD/GD32F30x/Source/system_gd32f30x.o
                0x08001b2c                SystemInit
 .text.system_clock_config
                0x08001c80        0xc ./Firmware/CMSIS/GD/GD32F30x/Source/system_gd32f30x.o
 .text.system_clock_120m_hxtal
                0x08001c8c      0x14c ./Firmware/CMSIS/GD/GD32F30x/Source/system_gd32f30x.o
 .text.gd32f30x_firmware_version_get
                0x08001dd8       0x10 ./Firmware/CMSIS/GD/GD32F30x/Source/system_gd32f30x.o
                0x08001dd8                gd32f30x_firmware_version_get
 .text.__libc_init_array
                0x08001de8       0x48 c:/gd32embeddedbuilder_1.5.3.31964/gd32embeddedbuilder_1.5.3.31964/tools/gnu tools arm embedded/xpack-arm-none-eabi-gcc/9.2.1-1.1/bin/../lib/gcc/arm-none-eabi/9.2.1/../../../../arm-none-eabi/lib/thumb/v7e-m/nofp\libg_nano.a(lib_a-init.o)
                0x08001de8                __libc_init_array
 .text.memset   0x08001e30       0x10 c:/gd32embeddedbuilder_1.5.3.31964/gd32embeddedbuilder_1.5.3.31964/tools/gnu tools arm embedded/xpack-arm-none-eabi-gcc/9.2.1-1.1/bin/../lib/gcc/arm-none-eabi/9.2.1/../../../../arm-none-eabi/lib/thumb/v7e-m/nofp\libg_nano.a(lib_a-memset.o)
                0x08001e30                memset
 .text.printf   0x08001e40       0x30 c:/gd32embeddedbuilder_1.5.3.31964/gd32embeddedbuilder_1.5.3.31964/tools/gnu tools arm embedded/xpack-arm-none-eabi-gcc/9.2.1-1.1/bin/../lib/gcc/arm-none-eabi/9.2.1/../../../../arm-none-eabi/lib/thumb/v7e-m/nofp\libg_nano.a(lib_a-printf.o)
                0x08001e40                iprintf
                0x08001e40                printf
 .text.std      0x08001e70       0x48 c:/gd32embeddedbuilder_1.5.3.31964/gd32embeddedbuilder_1.5.3.31964/tools/gnu tools arm embedded/xpack-arm-none-eabi-gcc/9.2.1-1.1/bin/../lib/gcc/arm-none-eabi/9.2.1/../../../../arm-none-eabi/lib/thumb/v7e-m/nofp\libg_nano.a(lib_a-findfp.o)
 .text._cleanup_r
                0x08001eb8        0xc c:/gd32embeddedbuilder_1.5.3.31964/gd32embeddedbuilder_1.5.3.31964/tools/gnu tools arm embedded/xpack-arm-none-eabi-gcc/9.2.1-1.1/bin/../lib/gcc/arm-none-eabi/9.2.1/../../../../arm-none-eabi/lib/thumb/v7e-m/nofp\libg_nano.a(lib_a-findfp.o)
                0x08001eb8                _cleanup_r
 .text.__sfmoreglue
                0x08001ec4       0x2c c:/gd32embeddedbuilder_1.5.3.31964/gd32embeddedbuilder_1.5.3.31964/tools/gnu tools arm embedded/xpack-arm-none-eabi-gcc/9.2.1-1.1/bin/../lib/gcc/arm-none-eabi/9.2.1/../../../../arm-none-eabi/lib/thumb/v7e-m/nofp\libg_nano.a(lib_a-findfp.o)
                0x08001ec4                __sfmoreglue
 .text.__sfp_lock_acquire
                0x08001ef0        0xc c:/gd32embeddedbuilder_1.5.3.31964/gd32embeddedbuilder_1.5.3.31964/tools/gnu tools arm embedded/xpack-arm-none-eabi-gcc/9.2.1-1.1/bin/../lib/gcc/arm-none-eabi/9.2.1/../../../../arm-none-eabi/lib/thumb/v7e-m/nofp\libg_nano.a(lib_a-findfp.o)
                0x08001ef0                __sfp_lock_acquire
 .text.__sfp_lock_release
                0x08001efc        0xc c:/gd32embeddedbuilder_1.5.3.31964/gd32embeddedbuilder_1.5.3.31964/tools/gnu tools arm embedded/xpack-arm-none-eabi-gcc/9.2.1-1.1/bin/../lib/gcc/arm-none-eabi/9.2.1/../../../../arm-none-eabi/lib/thumb/v7e-m/nofp\libg_nano.a(lib_a-findfp.o)
                0x08001efc                __sfp_lock_release
 .text.__sinit_lock_acquire
                0x08001f08        0xc c:/gd32embeddedbuilder_1.5.3.31964/gd32embeddedbuilder_1.5.3.31964/tools/gnu tools arm embedded/xpack-arm-none-eabi-gcc/9.2.1-1.1/bin/../lib/gcc/arm-none-eabi/9.2.1/../../../../arm-none-eabi/lib/thumb/v7e-m/nofp\libg_nano.a(lib_a-findfp.o)
                0x08001f08                __sinit_lock_acquire
 .text.__sinit_lock_release
                0x08001f14        0xc c:/gd32embeddedbuilder_1.5.3.31964/gd32embeddedbuilder_1.5.3.31964/tools/gnu tools arm embedded/xpack-arm-none-eabi-gcc/9.2.1-1.1/bin/../lib/gcc/arm-none-eabi/9.2.1/../../../../arm-none-eabi/lib/thumb/v7e-m/nofp\libg_nano.a(lib_a-findfp.o)
                0x08001f14                __sinit_lock_release
 .text.__sinit  0x08001f20       0x70 c:/gd32embeddedbuilder_1.5.3.31964/gd32embeddedbuilder_1.5.3.31964/tools/gnu tools arm embedded/xpack-arm-none-eabi-gcc/9.2.1-1.1/bin/../lib/gcc/arm-none-eabi/9.2.1/../../../../arm-none-eabi/lib/thumb/v7e-m/nofp\libg_nano.a(lib_a-findfp.o)
                0x08001f20                __sinit
 .text.__sfp    0x08001f90       0x8c c:/gd32embeddedbuilder_1.5.3.31964/gd32embeddedbuilder_1.5.3.31964/tools/gnu tools arm embedded/xpack-arm-none-eabi-gcc/9.2.1-1.1/bin/../lib/gcc/arm-none-eabi/9.2.1/../../../../arm-none-eabi/lib/thumb/v7e-m/nofp\libg_nano.a(lib_a-findfp.o)
                0x08001f90                __sfp
 .text._fwalk_reent
                0x0800201c       0x3e c:/gd32embeddedbuilder_1.5.3.31964/gd32embeddedbuilder_1.5.3.31964/tools/gnu tools arm embedded/xpack-arm-none-eabi-gcc/9.2.1-1.1/bin/../lib/gcc/arm-none-eabi/9.2.1/../../../../arm-none-eabi/lib/thumb/v7e-m/nofp\libg_nano.a(lib_a-fwalk.o)
                0x0800201c                _fwalk_reent
 .text.__retarget_lock_init_recursive
                0x0800205a        0x2 c:/gd32embeddedbuilder_1.5.3.31964/gd32embeddedbuilder_1.5.3.31964/tools/gnu tools arm embedded/xpack-arm-none-eabi-gcc/9.2.1-1.1/bin/../lib/gcc/arm-none-eabi/9.2.1/../../../../arm-none-eabi/lib/thumb/v7e-m/nofp\libg_nano.a(lib_a-lock.o)
                0x0800205a                __retarget_lock_init_recursive
 .text.__retarget_lock_acquire_recursive
                0x0800205c        0x2 c:/gd32embeddedbuilder_1.5.3.31964/gd32embeddedbuilder_1.5.3.31964/tools/gnu tools arm embedded/xpack-arm-none-eabi-gcc/9.2.1-1.1/bin/../lib/gcc/arm-none-eabi/9.2.1/../../../../arm-none-eabi/lib/thumb/v7e-m/nofp\libg_nano.a(lib_a-lock.o)
                0x0800205c                __retarget_lock_acquire_recursive
 .text.__retarget_lock_release_recursive
                0x0800205e        0x2 c:/gd32embeddedbuilder_1.5.3.31964/gd32embeddedbuilder_1.5.3.31964/tools/gnu tools arm embedded/xpack-arm-none-eabi-gcc/9.2.1-1.1/bin/../lib/gcc/arm-none-eabi/9.2.1/../../../../arm-none-eabi/lib/thumb/v7e-m/nofp\libg_nano.a(lib_a-lock.o)
                0x0800205e                __retarget_lock_release_recursive
 .text._free_r  0x08002060       0x9c c:/gd32embeddedbuilder_1.5.3.31964/gd32embeddedbuilder_1.5.3.31964/tools/gnu tools arm embedded/xpack-arm-none-eabi-gcc/9.2.1-1.1/bin/../lib/gcc/arm-none-eabi/9.2.1/../../../../arm-none-eabi/lib/thumb/v7e-m/nofp\libg_nano.a(lib_a-nano-freer.o)
                0x08002060                _free_r
 .text._malloc_r
                0x080020fc       0xb4 c:/gd32embeddedbuilder_1.5.3.31964/gd32embeddedbuilder_1.5.3.31964/tools/gnu tools arm embedded/xpack-arm-none-eabi-gcc/9.2.1-1.1/bin/../lib/gcc/arm-none-eabi/9.2.1/../../../../arm-none-eabi/lib/thumb/v7e-m/nofp\libg_nano.a(lib_a-nano-mallocr.o)
                0x080020fc                _malloc_r
 .text.__sfputc_r
                0x080021b0       0x2a c:/gd32embeddedbuilder_1.5.3.31964/gd32embeddedbuilder_1.5.3.31964/tools/gnu tools arm embedded/xpack-arm-none-eabi-gcc/9.2.1-1.1/bin/../lib/gcc/arm-none-eabi/9.2.1/../../../../arm-none-eabi/lib/thumb/v7e-m/nofp\libg_nano.a(lib_a-nano-vfprintf.o)
 .text.__sfputs_r
                0x080021da       0x24 c:/gd32embeddedbuilder_1.5.3.31964/gd32embeddedbuilder_1.5.3.31964/tools/gnu tools arm embedded/xpack-arm-none-eabi-gcc/9.2.1-1.1/bin/../lib/gcc/arm-none-eabi/9.2.1/../../../../arm-none-eabi/lib/thumb/v7e-m/nofp\libg_nano.a(lib_a-nano-vfprintf.o)
                0x080021da                __sfputs_r
 *fill*         0x080021fe        0x2 
 .text._vfprintf_r
                0x08002200      0x260 c:/gd32embeddedbuilder_1.5.3.31964/gd32embeddedbuilder_1.5.3.31964/tools/gnu tools arm embedded/xpack-arm-none-eabi-gcc/9.2.1-1.1/bin/../lib/gcc/arm-none-eabi/9.2.1/../../../../arm-none-eabi/lib/thumb/v7e-m/nofp\libg_nano.a(lib_a-nano-vfprintf.o)
                0x08002200                _vfprintf_r
                0x08002200                _vfiprintf_r
 .text._printf_common
                0x08002460       0xda c:/gd32embeddedbuilder_1.5.3.31964/gd32embeddedbuilder_1.5.3.31964/tools/gnu tools arm embedded/xpack-arm-none-eabi-gcc/9.2.1-1.1/bin/../lib/gcc/arm-none-eabi/9.2.1/../../../../arm-none-eabi/lib/thumb/v7e-m/nofp\libg_nano.a(lib_a-nano-vfprintf_i.o)
                0x08002460                _printf_common
 *fill*         0x0800253a        0x2 
 .text._printf_i
                0x0800253c      0x24c c:/gd32embeddedbuilder_1.5.3.31964/gd32embeddedbuilder_1.5.3.31964/tools/gnu tools arm embedded/xpack-arm-none-eabi-gcc/9.2.1-1.1/bin/../lib/gcc/arm-none-eabi/9.2.1/../../../../arm-none-eabi/lib/thumb/v7e-m/nofp\libg_nano.a(lib_a-nano-vfprintf_i.o)
                0x0800253c                _printf_i
 .text._sbrk_r  0x08002788       0x20 c:/gd32embeddedbuilder_1.5.3.31964/gd32embeddedbuilder_1.5.3.31964/tools/gnu tools arm embedded/xpack-arm-none-eabi-gcc/9.2.1-1.1/bin/../lib/gcc/arm-none-eabi/9.2.1/../../../../arm-none-eabi/lib/thumb/v7e-m/nofp\libg_nano.a(lib_a-sbrkr.o)
                0x08002788                _sbrk_r
 .text.__sread  0x080027a8       0x22 c:/gd32embeddedbuilder_1.5.3.31964/gd32embeddedbuilder_1.5.3.31964/tools/gnu tools arm embedded/xpack-arm-none-eabi-gcc/9.2.1-1.1/bin/../lib/gcc/arm-none-eabi/9.2.1/../../../../arm-none-eabi/lib/thumb/v7e-m/nofp\libg_nano.a(lib_a-stdio.o)
                0x080027a8                __sread
 .text.__swrite
                0x080027ca       0x38 c:/gd32embeddedbuilder_1.5.3.31964/gd32embeddedbuilder_1.5.3.31964/tools/gnu tools arm embedded/xpack-arm-none-eabi-gcc/9.2.1-1.1/bin/../lib/gcc/arm-none-eabi/9.2.1/../../../../arm-none-eabi/lib/thumb/v7e-m/nofp\libg_nano.a(lib_a-stdio.o)
                0x080027ca                __swrite
 .text.__sseek  0x08002802       0x24 c:/gd32embeddedbuilder_1.5.3.31964/gd32embeddedbuilder_1.5.3.31964/tools/gnu tools arm embedded/xpack-arm-none-eabi-gcc/9.2.1-1.1/bin/../lib/gcc/arm-none-eabi/9.2.1/../../../../arm-none-eabi/lib/thumb/v7e-m/nofp\libg_nano.a(lib_a-stdio.o)
                0x08002802                __sseek
 .text.__sclose
                0x08002826        0x8 c:/gd32embeddedbuilder_1.5.3.31964/gd32embeddedbuilder_1.5.3.31964/tools/gnu tools arm embedded/xpack-arm-none-eabi-gcc/9.2.1-1.1/bin/../lib/gcc/arm-none-eabi/9.2.1/../../../../arm-none-eabi/lib/thumb/v7e-m/nofp\libg_nano.a(lib_a-stdio.o)
                0x08002826                __sclose
 *fill*         0x0800282e        0x2 
 .text.__swbuf_r
                0x08002830       0xa4 c:/gd32embeddedbuilder_1.5.3.31964/gd32embeddedbuilder_1.5.3.31964/tools/gnu tools arm embedded/xpack-arm-none-eabi-gcc/9.2.1-1.1/bin/../lib/gcc/arm-none-eabi/9.2.1/../../../../arm-none-eabi/lib/thumb/v7e-m/nofp\libg_nano.a(lib_a-wbuf.o)
                0x08002830                __swbuf_r
 .text._write_r
                0x080028d4       0x24 c:/gd32embeddedbuilder_1.5.3.31964/gd32embeddedbuilder_1.5.3.31964/tools/gnu tools arm embedded/xpack-arm-none-eabi-gcc/9.2.1-1.1/bin/../lib/gcc/arm-none-eabi/9.2.1/../../../../arm-none-eabi/lib/thumb/v7e-m/nofp\libg_nano.a(lib_a-writer.o)
                0x080028d4                _write_r
 .text.__swsetup_r
                0x080028f8       0xdc c:/gd32embeddedbuilder_1.5.3.31964/gd32embeddedbuilder_1.5.3.31964/tools/gnu tools arm embedded/xpack-arm-none-eabi-gcc/9.2.1-1.1/bin/../lib/gcc/arm-none-eabi/9.2.1/../../../../arm-none-eabi/lib/thumb/v7e-m/nofp\libg_nano.a(lib_a-wsetup.o)
                0x080028f8                __swsetup_r
 .text._close_r
                0x080029d4       0x20 c:/gd32embeddedbuilder_1.5.3.31964/gd32embeddedbuilder_1.5.3.31964/tools/gnu tools arm embedded/xpack-arm-none-eabi-gcc/9.2.1-1.1/bin/../lib/gcc/arm-none-eabi/9.2.1/../../../../arm-none-eabi/lib/thumb/v7e-m/nofp\libg_nano.a(lib_a-closer.o)
                0x080029d4                _close_r
 .text.__sflush_r
                0x080029f4      0x10c c:/gd32embeddedbuilder_1.5.3.31964/gd32embeddedbuilder_1.5.3.31964/tools/gnu tools arm embedded/xpack-arm-none-eabi-gcc/9.2.1-1.1/bin/../lib/gcc/arm-none-eabi/9.2.1/../../../../arm-none-eabi/lib/thumb/v7e-m/nofp\libg_nano.a(lib_a-fflush.o)
                0x080029f4                __sflush_r
 .text._fflush_r
                0x08002b00       0x78 c:/gd32embeddedbuilder_1.5.3.31964/gd32embeddedbuilder_1.5.3.31964/tools/gnu tools arm embedded/xpack-arm-none-eabi-gcc/9.2.1-1.1/bin/../lib/gcc/arm-none-eabi/9.2.1/../../../../arm-none-eabi/lib/thumb/v7e-m/nofp\libg_nano.a(lib_a-fflush.o)
                0x08002b00                _fflush_r
 .text._lseek_r
                0x08002b78       0x24 c:/gd32embeddedbuilder_1.5.3.31964/gd32embeddedbuilder_1.5.3.31964/tools/gnu tools arm embedded/xpack-arm-none-eabi-gcc/9.2.1-1.1/bin/../lib/gcc/arm-none-eabi/9.2.1/../../../../arm-none-eabi/lib/thumb/v7e-m/nofp\libg_nano.a(lib_a-lseekr.o)
                0x08002b78                _lseek_r
 .text.__swhatbuf_r
                0x08002b9c       0x48 c:/gd32embeddedbuilder_1.5.3.31964/gd32embeddedbuilder_1.5.3.31964/tools/gnu tools arm embedded/xpack-arm-none-eabi-gcc/9.2.1-1.1/bin/../lib/gcc/arm-none-eabi/9.2.1/../../../../arm-none-eabi/lib/thumb/v7e-m/nofp\libg_nano.a(lib_a-makebuf.o)
                0x08002b9c                __swhatbuf_r
 .text.__smakebuf_r
                0x08002be4       0x80 c:/gd32embeddedbuilder_1.5.3.31964/gd32embeddedbuilder_1.5.3.31964/tools/gnu tools arm embedded/xpack-arm-none-eabi-gcc/9.2.1-1.1/bin/../lib/gcc/arm-none-eabi/9.2.1/../../../../arm-none-eabi/lib/thumb/v7e-m/nofp\libg_nano.a(lib_a-makebuf.o)
                0x08002be4                __smakebuf_r
 .text.__malloc_lock
                0x08002c64        0xc c:/gd32embeddedbuilder_1.5.3.31964/gd32embeddedbuilder_1.5.3.31964/tools/gnu tools arm embedded/xpack-arm-none-eabi-gcc/9.2.1-1.1/bin/../lib/gcc/arm-none-eabi/9.2.1/../../../../arm-none-eabi/lib/thumb/v7e-m/nofp\libg_nano.a(lib_a-mlock.o)
                0x08002c64                __malloc_lock
 .text.__malloc_unlock
                0x08002c70        0xc c:/gd32embeddedbuilder_1.5.3.31964/gd32embeddedbuilder_1.5.3.31964/tools/gnu tools arm embedded/xpack-arm-none-eabi-gcc/9.2.1-1.1/bin/../lib/gcc/arm-none-eabi/9.2.1/../../../../arm-none-eabi/lib/thumb/v7e-m/nofp\libg_nano.a(lib_a-mlock.o)
                0x08002c70                __malloc_unlock
 .text._read_r  0x08002c7c       0x24 c:/gd32embeddedbuilder_1.5.3.31964/gd32embeddedbuilder_1.5.3.31964/tools/gnu tools arm embedded/xpack-arm-none-eabi-gcc/9.2.1-1.1/bin/../lib/gcc/arm-none-eabi/9.2.1/../../../../arm-none-eabi/lib/thumb/v7e-m/nofp\libg_nano.a(lib_a-readr.o)
                0x08002c7c                _read_r
 .text._fstat_r
                0x08002ca0       0x24 c:/gd32embeddedbuilder_1.5.3.31964/gd32embeddedbuilder_1.5.3.31964/tools/gnu tools arm embedded/xpack-arm-none-eabi-gcc/9.2.1-1.1/bin/../lib/gcc/arm-none-eabi/9.2.1/../../../../arm-none-eabi/lib/thumb/v7e-m/nofp\libg_nano.a(lib_a-fstatr.o)
                0x08002ca0                _fstat_r
 .text._isatty_r
                0x08002cc4       0x20 c:/gd32embeddedbuilder_1.5.3.31964/gd32embeddedbuilder_1.5.3.31964/tools/gnu tools arm embedded/xpack-arm-none-eabi-gcc/9.2.1-1.1/bin/../lib/gcc/arm-none-eabi/9.2.1/../../../../arm-none-eabi/lib/thumb/v7e-m/nofp\libg_nano.a(lib_a-isattyr.o)
                0x08002cc4                _isatty_r
 *(.glue_7)
 .glue_7        0x08002ce4        0x0 linker stubs
 *(.glue_7t)
 .glue_7t       0x08002ce4        0x0 linker stubs
 *(.eh_frame)
 .eh_frame      0x08002ce4        0x0 c:/gd32embeddedbuilder_1.5.3.31964/gd32embeddedbuilder_1.5.3.31964/tools/gnu tools arm embedded/xpack-arm-none-eabi-gcc/9.2.1-1.1/bin/../lib/gcc/arm-none-eabi/9.2.1/thumb/v7e-m/nofp/crtbegin.o
 *(.init)
 .init          0x08002ce4        0x4 c:/gd32embeddedbuilder_1.5.3.31964/gd32embeddedbuilder_1.5.3.31964/tools/gnu tools arm embedded/xpack-arm-none-eabi-gcc/9.2.1-1.1/bin/../lib/gcc/arm-none-eabi/9.2.1/thumb/v7e-m/nofp/crti.o
                0x08002ce4                _init
 .init          0x08002ce8        0x8 c:/gd32embeddedbuilder_1.5.3.31964/gd32embeddedbuilder_1.5.3.31964/tools/gnu tools arm embedded/xpack-arm-none-eabi-gcc/9.2.1-1.1/bin/../lib/gcc/arm-none-eabi/9.2.1/thumb/v7e-m/nofp/crtn.o
 *(.fini)
 .fini          0x08002cf0        0x4 c:/gd32embeddedbuilder_1.5.3.31964/gd32embeddedbuilder_1.5.3.31964/tools/gnu tools arm embedded/xpack-arm-none-eabi-gcc/9.2.1-1.1/bin/../lib/gcc/arm-none-eabi/9.2.1/thumb/v7e-m/nofp/crti.o
                0x08002cf0                _fini
 .fini          0x08002cf4        0x8 c:/gd32embeddedbuilder_1.5.3.31964/gd32embeddedbuilder_1.5.3.31964/tools/gnu tools arm embedded/xpack-arm-none-eabi-gcc/9.2.1-1.1/bin/../lib/gcc/arm-none-eabi/9.2.1/thumb/v7e-m/nofp/crtn.o
                0x08002cfc                . = ALIGN (0x4)
                0x08002cfc                _etext = .

.vfp11_veneer   0x08002cfc        0x0
 .vfp11_veneer  0x08002cfc        0x0 linker stubs

.v4_bx          0x08002cfc        0x0
 .v4_bx         0x08002cfc        0x0 linker stubs

.iplt           0x08002cfc        0x0
 .iplt          0x08002cfc        0x0 c:/gd32embeddedbuilder_1.5.3.31964/gd32embeddedbuilder_1.5.3.31964/tools/gnu tools arm embedded/xpack-arm-none-eabi-gcc/9.2.1-1.1/bin/../lib/gcc/arm-none-eabi/9.2.1/thumb/v7e-m/nofp/crtbegin.o

.rodata         0x08002cfc      0x140
                0x08002cfc                . = ALIGN (0x4)
 *(.rodata)
 .rodata        0x08002cfc       0x8e ./src/main.o
 *fill*         0x08002d8a        0x2 
 .rodata        0x08002d8c       0x18 ./Firmware/GD32F30x_standard_peripheral/Source/gd32f30x_rcu.o
 *(.rodata*)
 .rodata._global_impure_ptr
                0x08002da4        0x4 c:/gd32embeddedbuilder_1.5.3.31964/gd32embeddedbuilder_1.5.3.31964/tools/gnu tools arm embedded/xpack-arm-none-eabi-gcc/9.2.1-1.1/bin/../lib/gcc/arm-none-eabi/9.2.1/../../../../arm-none-eabi/lib/thumb/v7e-m/nofp\libg_nano.a(lib_a-impure.o)
                0x08002da4                _global_impure_ptr
 .rodata.__sf_fake_stderr
                0x08002da8       0x20 c:/gd32embeddedbuilder_1.5.3.31964/gd32embeddedbuilder_1.5.3.31964/tools/gnu tools arm embedded/xpack-arm-none-eabi-gcc/9.2.1-1.1/bin/../lib/gcc/arm-none-eabi/9.2.1/../../../../arm-none-eabi/lib/thumb/v7e-m/nofp\libg_nano.a(lib_a-findfp.o)
                0x08002da8                __sf_fake_stderr
 .rodata.__sf_fake_stdin
                0x08002dc8       0x20 c:/gd32embeddedbuilder_1.5.3.31964/gd32embeddedbuilder_1.5.3.31964/tools/gnu tools arm embedded/xpack-arm-none-eabi-gcc/9.2.1-1.1/bin/../lib/gcc/arm-none-eabi/9.2.1/../../../../arm-none-eabi/lib/thumb/v7e-m/nofp\libg_nano.a(lib_a-findfp.o)
                0x08002dc8                __sf_fake_stdin
 .rodata.__sf_fake_stdout
                0x08002de8       0x20 c:/gd32embeddedbuilder_1.5.3.31964/gd32embeddedbuilder_1.5.3.31964/tools/gnu tools arm embedded/xpack-arm-none-eabi-gcc/9.2.1-1.1/bin/../lib/gcc/arm-none-eabi/9.2.1/../../../../arm-none-eabi/lib/thumb/v7e-m/nofp\libg_nano.a(lib_a-findfp.o)
                0x08002de8                __sf_fake_stdout
 .rodata._vfprintf_r.str1.1
                0x08002e08       0x11 c:/gd32embeddedbuilder_1.5.3.31964/gd32embeddedbuilder_1.5.3.31964/tools/gnu tools arm embedded/xpack-arm-none-eabi-gcc/9.2.1-1.1/bin/../lib/gcc/arm-none-eabi/9.2.1/../../../../arm-none-eabi/lib/thumb/v7e-m/nofp\libg_nano.a(lib_a-nano-vfprintf.o)
 .rodata._printf_i.str1.1
                0x08002e19       0x22 c:/gd32embeddedbuilder_1.5.3.31964/gd32embeddedbuilder_1.5.3.31964/tools/gnu tools arm embedded/xpack-arm-none-eabi-gcc/9.2.1-1.1/bin/../lib/gcc/arm-none-eabi/9.2.1/../../../../arm-none-eabi/lib/thumb/v7e-m/nofp\libg_nano.a(lib_a-nano-vfprintf_i.o)
                0x08002e3c                . = ALIGN (0x4)
 *fill*         0x08002e3b        0x1 

.rel.dyn        0x08002e3c        0x0
 .rel.iplt      0x08002e3c        0x0 c:/gd32embeddedbuilder_1.5.3.31964/gd32embeddedbuilder_1.5.3.31964/tools/gnu tools arm embedded/xpack-arm-none-eabi-gcc/9.2.1-1.1/bin/../lib/gcc/arm-none-eabi/9.2.1/thumb/v7e-m/nofp/crtbegin.o

.ARM.extab
 *(.ARM.extab* .gnu.linkonce.armextab.*)

.ARM            0x08002e3c        0x0
                0x08002e3c                __exidx_start = .
 *(.ARM.exidx*)
                0x08002e3c                __exidx_end = .

.ARM.attributes
                0x08002e3c       0x2a
 *(.ARM.attributes)
 .ARM.attributes
                0x08002e3c       0x1e c:/gd32embeddedbuilder_1.5.3.31964/gd32embeddedbuilder_1.5.3.31964/tools/gnu tools arm embedded/xpack-arm-none-eabi-gcc/9.2.1-1.1/bin/../lib/gcc/arm-none-eabi/9.2.1/thumb/v7e-m/nofp/crti.o
 .ARM.attributes
                0x08002e5a       0x2e c:/gd32embeddedbuilder_1.5.3.31964/gd32embeddedbuilder_1.5.3.31964/tools/gnu tools arm embedded/xpack-arm-none-eabi-gcc/9.2.1-1.1/bin/../lib/gcc/arm-none-eabi/9.2.1/thumb/v7e-m/nofp/crtbegin.o
 .ARM.attributes
                0x08002e88       0x2e ./src/gd32f307c_eval.o
 .ARM.attributes
                0x08002eb6       0x2e ./src/gd32f30x_it.o
 .ARM.attributes
                0x08002ee4       0x2e ./src/main.o
 .ARM.attributes
                0x08002f12       0x2e ./src/systick.o
 .ARM.attributes
                0x08002f40       0x21 ./gcc_startup/startup_gd32f30x_hd.o
 .ARM.attributes
                0x08002f61       0x2e ./Firmware/GD32F30x_standard_peripheral/Source/gd32f30x_can.o
 .ARM.attributes
                0x08002f8f       0x2e ./Firmware/GD32F30x_standard_peripheral/Source/gd32f30x_exti.o
 .ARM.attributes
                0x08002fbd       0x2e ./Firmware/GD32F30x_standard_peripheral/Source/gd32f30x_gpio.o
 .ARM.attributes
                0x08002feb       0x2e ./Firmware/GD32F30x_standard_peripheral/Source/gd32f30x_misc.o
 .ARM.attributes
                0x08003019       0x2e ./Firmware/GD32F30x_standard_peripheral/Source/gd32f30x_rcu.o
 .ARM.attributes
                0x08003047       0x2e ./Firmware/GD32F30x_standard_peripheral/Source/gd32f30x_usart.o
 .ARM.attributes
                0x08003075       0x2e ./Firmware/CMSIS/GD/GD32F30x/Source/syscalls.o
 .ARM.attributes
                0x080030a3       0x2e ./Firmware/CMSIS/GD/GD32F30x/Source/system_gd32f30x.o
 .ARM.attributes
                0x080030d1       0x2e c:/gd32embeddedbuilder_1.5.3.31964/gd32embeddedbuilder_1.5.3.31964/tools/gnu tools arm embedded/xpack-arm-none-eabi-gcc/9.2.1-1.1/bin/../lib/gcc/arm-none-eabi/9.2.1/../../../../arm-none-eabi/lib/thumb/v7e-m/nofp\libg_nano.a(lib_a-impure.o)
 .ARM.attributes
                0x080030ff       0x2e c:/gd32embeddedbuilder_1.5.3.31964/gd32embeddedbuilder_1.5.3.31964/tools/gnu tools arm embedded/xpack-arm-none-eabi-gcc/9.2.1-1.1/bin/../lib/gcc/arm-none-eabi/9.2.1/../../../../arm-none-eabi/lib/thumb/v7e-m/nofp\libg_nano.a(lib_a-init.o)
 .ARM.attributes
                0x0800312d       0x2e c:/gd32embeddedbuilder_1.5.3.31964/gd32embeddedbuilder_1.5.3.31964/tools/gnu tools arm embedded/xpack-arm-none-eabi-gcc/9.2.1-1.1/bin/../lib/gcc/arm-none-eabi/9.2.1/../../../../arm-none-eabi/lib/thumb/v7e-m/nofp\libg_nano.a(lib_a-memset.o)
 .ARM.attributes
                0x0800315b       0x2e c:/gd32embeddedbuilder_1.5.3.31964/gd32embeddedbuilder_1.5.3.31964/tools/gnu tools arm embedded/xpack-arm-none-eabi-gcc/9.2.1-1.1/bin/../lib/gcc/arm-none-eabi/9.2.1/../../../../arm-none-eabi/lib/thumb/v7e-m/nofp\libg_nano.a(lib_a-printf.o)
 .ARM.attributes
                0x08003189       0x2e c:/gd32embeddedbuilder_1.5.3.31964/gd32embeddedbuilder_1.5.3.31964/tools/gnu tools arm embedded/xpack-arm-none-eabi-gcc/9.2.1-1.1/bin/../lib/gcc/arm-none-eabi/9.2.1/../../../../arm-none-eabi/lib/thumb/v7e-m/nofp\libg_nano.a(lib_a-reent.o)
 .ARM.attributes
                0x080031b7       0x2e c:/gd32embeddedbuilder_1.5.3.31964/gd32embeddedbuilder_1.5.3.31964/tools/gnu tools arm embedded/xpack-arm-none-eabi-gcc/9.2.1-1.1/bin/../lib/gcc/arm-none-eabi/9.2.1/../../../../arm-none-eabi/lib/thumb/v7e-m/nofp\libg_nano.a(lib_a-findfp.o)
 .ARM.attributes
                0x080031e5       0x2e c:/gd32embeddedbuilder_1.5.3.31964/gd32embeddedbuilder_1.5.3.31964/tools/gnu tools arm embedded/xpack-arm-none-eabi-gcc/9.2.1-1.1/bin/../lib/gcc/arm-none-eabi/9.2.1/../../../../arm-none-eabi/lib/thumb/v7e-m/nofp\libg_nano.a(lib_a-fwalk.o)
 .ARM.attributes
                0x08003213       0x2e c:/gd32embeddedbuilder_1.5.3.31964/gd32embeddedbuilder_1.5.3.31964/tools/gnu tools arm embedded/xpack-arm-none-eabi-gcc/9.2.1-1.1/bin/../lib/gcc/arm-none-eabi/9.2.1/../../../../arm-none-eabi/lib/thumb/v7e-m/nofp\libg_nano.a(lib_a-lock.o)
 .ARM.attributes
                0x08003241       0x2e c:/gd32embeddedbuilder_1.5.3.31964/gd32embeddedbuilder_1.5.3.31964/tools/gnu tools arm embedded/xpack-arm-none-eabi-gcc/9.2.1-1.1/bin/../lib/gcc/arm-none-eabi/9.2.1/../../../../arm-none-eabi/lib/thumb/v7e-m/nofp\libg_nano.a(lib_a-nano-freer.o)
 .ARM.attributes
                0x0800326f       0x2e c:/gd32embeddedbuilder_1.5.3.31964/gd32embeddedbuilder_1.5.3.31964/tools/gnu tools arm embedded/xpack-arm-none-eabi-gcc/9.2.1-1.1/bin/../lib/gcc/arm-none-eabi/9.2.1/../../../../arm-none-eabi/lib/thumb/v7e-m/nofp\libg_nano.a(lib_a-nano-mallocr.o)
 .ARM.attributes
                0x0800329d       0x2e c:/gd32embeddedbuilder_1.5.3.31964/gd32embeddedbuilder_1.5.3.31964/tools/gnu tools arm embedded/xpack-arm-none-eabi-gcc/9.2.1-1.1/bin/../lib/gcc/arm-none-eabi/9.2.1/../../../../arm-none-eabi/lib/thumb/v7e-m/nofp\libg_nano.a(lib_a-nano-vfprintf.o)
 .ARM.attributes
                0x080032cb       0x2e c:/gd32embeddedbuilder_1.5.3.31964/gd32embeddedbuilder_1.5.3.31964/tools/gnu tools arm embedded/xpack-arm-none-eabi-gcc/9.2.1-1.1/bin/../lib/gcc/arm-none-eabi/9.2.1/../../../../arm-none-eabi/lib/thumb/v7e-m/nofp\libg_nano.a(lib_a-nano-vfprintf_i.o)
 .ARM.attributes
                0x080032f9       0x2e c:/gd32embeddedbuilder_1.5.3.31964/gd32embeddedbuilder_1.5.3.31964/tools/gnu tools arm embedded/xpack-arm-none-eabi-gcc/9.2.1-1.1/bin/../lib/gcc/arm-none-eabi/9.2.1/../../../../arm-none-eabi/lib/thumb/v7e-m/nofp\libg_nano.a(lib_a-sbrkr.o)
 .ARM.attributes
                0x08003327       0x2e c:/gd32embeddedbuilder_1.5.3.31964/gd32embeddedbuilder_1.5.3.31964/tools/gnu tools arm embedded/xpack-arm-none-eabi-gcc/9.2.1-1.1/bin/../lib/gcc/arm-none-eabi/9.2.1/../../../../arm-none-eabi/lib/thumb/v7e-m/nofp\libg_nano.a(lib_a-stdio.o)
 .ARM.attributes
                0x08003355       0x2e c:/gd32embeddedbuilder_1.5.3.31964/gd32embeddedbuilder_1.5.3.31964/tools/gnu tools arm embedded/xpack-arm-none-eabi-gcc/9.2.1-1.1/bin/../lib/gcc/arm-none-eabi/9.2.1/../../../../arm-none-eabi/lib/thumb/v7e-m/nofp\libg_nano.a(lib_a-wbuf.o)
 .ARM.attributes
                0x08003383       0x2e c:/gd32embeddedbuilder_1.5.3.31964/gd32embeddedbuilder_1.5.3.31964/tools/gnu tools arm embedded/xpack-arm-none-eabi-gcc/9.2.1-1.1/bin/../lib/gcc/arm-none-eabi/9.2.1/../../../../arm-none-eabi/lib/thumb/v7e-m/nofp\libg_nano.a(lib_a-writer.o)
 .ARM.attributes
                0x080033b1       0x2e c:/gd32embeddedbuilder_1.5.3.31964/gd32embeddedbuilder_1.5.3.31964/tools/gnu tools arm embedded/xpack-arm-none-eabi-gcc/9.2.1-1.1/bin/../lib/gcc/arm-none-eabi/9.2.1/../../../../arm-none-eabi/lib/thumb/v7e-m/nofp\libg_nano.a(lib_a-wsetup.o)
 .ARM.attributes
                0x080033df       0x2e c:/gd32embeddedbuilder_1.5.3.31964/gd32embeddedbuilder_1.5.3.31964/tools/gnu tools arm embedded/xpack-arm-none-eabi-gcc/9.2.1-1.1/bin/../lib/gcc/arm-none-eabi/9.2.1/../../../../arm-none-eabi/lib/thumb/v7e-m/nofp\libg_nano.a(lib_a-closer.o)
 .ARM.attributes
                0x0800340d       0x2e c:/gd32embeddedbuilder_1.5.3.31964/gd32embeddedbuilder_1.5.3.31964/tools/gnu tools arm embedded/xpack-arm-none-eabi-gcc/9.2.1-1.1/bin/../lib/gcc/arm-none-eabi/9.2.1/../../../../arm-none-eabi/lib/thumb/v7e-m/nofp\libg_nano.a(lib_a-fflush.o)
 .ARM.attributes
                0x0800343b       0x2e c:/gd32embeddedbuilder_1.5.3.31964/gd32embeddedbuilder_1.5.3.31964/tools/gnu tools arm embedded/xpack-arm-none-eabi-gcc/9.2.1-1.1/bin/../lib/gcc/arm-none-eabi/9.2.1/../../../../arm-none-eabi/lib/thumb/v7e-m/nofp\libg_nano.a(lib_a-lseekr.o)
 .ARM.attributes
                0x08003469       0x2e c:/gd32embeddedbuilder_1.5.3.31964/gd32embeddedbuilder_1.5.3.31964/tools/gnu tools arm embedded/xpack-arm-none-eabi-gcc/9.2.1-1.1/bin/../lib/gcc/arm-none-eabi/9.2.1/../../../../arm-none-eabi/lib/thumb/v7e-m/nofp\libg_nano.a(lib_a-makebuf.o)
 .ARM.attributes
                0x08003497       0x1c c:/gd32embeddedbuilder_1.5.3.31964/gd32embeddedbuilder_1.5.3.31964/tools/gnu tools arm embedded/xpack-arm-none-eabi-gcc/9.2.1-1.1/bin/../lib/gcc/arm-none-eabi/9.2.1/../../../../arm-none-eabi/lib/thumb/v7e-m/nofp\libg_nano.a(lib_a-memchr.o)
 .ARM.attributes
                0x080034b3       0x2e c:/gd32embeddedbuilder_1.5.3.31964/gd32embeddedbuilder_1.5.3.31964/tools/gnu tools arm embedded/xpack-arm-none-eabi-gcc/9.2.1-1.1/bin/../lib/gcc/arm-none-eabi/9.2.1/../../../../arm-none-eabi/lib/thumb/v7e-m/nofp\libg_nano.a(lib_a-mlock.o)
 .ARM.attributes
                0x080034e1       0x2e c:/gd32embeddedbuilder_1.5.3.31964/gd32embeddedbuilder_1.5.3.31964/tools/gnu tools arm embedded/xpack-arm-none-eabi-gcc/9.2.1-1.1/bin/../lib/gcc/arm-none-eabi/9.2.1/../../../../arm-none-eabi/lib/thumb/v7e-m/nofp\libg_nano.a(lib_a-readr.o)
 .ARM.attributes
                0x0800350f       0x2e c:/gd32embeddedbuilder_1.5.3.31964/gd32embeddedbuilder_1.5.3.31964/tools/gnu tools arm embedded/xpack-arm-none-eabi-gcc/9.2.1-1.1/bin/../lib/gcc/arm-none-eabi/9.2.1/../../../../arm-none-eabi/lib/thumb/v7e-m/nofp\libg_nano.a(lib_a-fstatr.o)
 .ARM.attributes
                0x0800353d       0x2e c:/gd32embeddedbuilder_1.5.3.31964/gd32embeddedbuilder_1.5.3.31964/tools/gnu tools arm embedded/xpack-arm-none-eabi-gcc/9.2.1-1.1/bin/../lib/gcc/arm-none-eabi/9.2.1/../../../../arm-none-eabi/lib/thumb/v7e-m/nofp\libg_nano.a(lib_a-isattyr.o)
 .ARM.attributes
                0x0800356b       0x1e c:/gd32embeddedbuilder_1.5.3.31964/gd32embeddedbuilder_1.5.3.31964/tools/gnu tools arm embedded/xpack-arm-none-eabi-gcc/9.2.1-1.1/bin/../lib/gcc/arm-none-eabi/9.2.1/thumb/v7e-m/nofp/crtn.o

.preinit_array  0x08002e3c        0x0
                0x08002e3c                PROVIDE (__preinit_array_start = .)
 *(.preinit_array*)
                0x08002e3c                PROVIDE (__preinit_array_end = .)

.init_array     0x08002e3c        0x4
                0x08002e3c                PROVIDE (__init_array_start = .)
 *(SORT_BY_NAME(.init_array.*))
 *(.init_array*)
 .init_array    0x08002e3c        0x4 c:/gd32embeddedbuilder_1.5.3.31964/gd32embeddedbuilder_1.5.3.31964/tools/gnu tools arm embedded/xpack-arm-none-eabi-gcc/9.2.1-1.1/bin/../lib/gcc/arm-none-eabi/9.2.1/thumb/v7e-m/nofp/crtbegin.o
                0x08002e40                PROVIDE (__init_array_end = .)

.fini_array     0x08002e40        0x4
                [!provide]                PROVIDE (__fini_array_start = .)
 *(.fini_array*)
 .fini_array    0x08002e40        0x4 c:/gd32embeddedbuilder_1.5.3.31964/gd32embeddedbuilder_1.5.3.31964/tools/gnu tools arm embedded/xpack-arm-none-eabi-gcc/9.2.1-1.1/bin/../lib/gcc/arm-none-eabi/9.2.1/thumb/v7e-m/nofp/crtbegin.o
 *(SORT_BY_NAME(.fini_array.*))
                [!provide]                PROVIDE (__fini_array_end = .)
                0x08002e44                _sidata = LOADADDR (.data)

.data           0x20000000       0xec load address 0x08002e44
                0x20000000                . = ALIGN (0x4)
                0x20000000                _sdata = .
 *(.data)
 *(.data*)
 .data.GPIO_PORT
                0x20000000       0x10 ./src/gd32f307c_eval.o
 .data.GPIO_PIN
                0x20000010       0x10 ./src/gd32f307c_eval.o
 .data.COM_CLK  0x20000020        0x4 ./src/gd32f307c_eval.o
 .data.COM_TX_PIN
                0x20000024        0x8 ./src/gd32f307c_eval.o
 .data.COM_RX_PIN
                0x2000002c        0x8 ./src/gd32f307c_eval.o
 .data.COM_GPIO_PORT
                0x20000034        0x8 ./src/gd32f307c_eval.o
 .data.COM_GPIO_CLK
                0x2000003c        0x4 ./src/gd32f307c_eval.o
 .data.GPIO_CLK
                0x20000040        0x8 ./src/gd32f307c_eval.o
 .data.KEY_PORT
                0x20000048        0xc ./src/gd32f307c_eval.o
 .data.KEY_PIN  0x20000054        0xc ./src/gd32f307c_eval.o
 .data.KEY_CLK  0x20000060        0x6 ./src/gd32f307c_eval.o
 *fill*         0x20000066        0x2 
 .data.KEY_EXTI_LINE
                0x20000068        0xc ./src/gd32f307c_eval.o
 .data.KEY_PORT_SOURCE
                0x20000074        0x3 ./src/gd32f307c_eval.o
 *fill*         0x20000077        0x1 
 .data.KEY_PIN_SOURCE
                0x20000078        0x3 ./src/gd32f307c_eval.o
 *fill*         0x2000007b        0x1 
 .data.KEY_IRQn
                0x2000007c        0x3 ./src/gd32f307c_eval.o
 *fill*         0x2000007f        0x1 
 .data.curbrk.6120
                0x20000080        0x4 ./Firmware/CMSIS/GD/GD32F30x/Source/syscalls.o
 .data.SystemCoreClock
                0x20000084        0x4 ./Firmware/CMSIS/GD/GD32F30x/Source/system_gd32f30x.o
                0x20000084                SystemCoreClock
 .data._impure_ptr
                0x20000088        0x4 c:/gd32embeddedbuilder_1.5.3.31964/gd32embeddedbuilder_1.5.3.31964/tools/gnu tools arm embedded/xpack-arm-none-eabi-gcc/9.2.1-1.1/bin/../lib/gcc/arm-none-eabi/9.2.1/../../../../arm-none-eabi/lib/thumb/v7e-m/nofp\libg_nano.a(lib_a-impure.o)
                0x20000088                _impure_ptr
 .data.impure_data
                0x2000008c       0x60 c:/gd32embeddedbuilder_1.5.3.31964/gd32embeddedbuilder_1.5.3.31964/tools/gnu tools arm embedded/xpack-arm-none-eabi-gcc/9.2.1-1.1/bin/../lib/gcc/arm-none-eabi/9.2.1/../../../../arm-none-eabi/lib/thumb/v7e-m/nofp\libg_nano.a(lib_a-impure.o)
                0x200000ec                . = ALIGN (0x4)
                0x200000ec                _edata = .

.igot.plt       0x200000ec        0x0 load address 0x08002f30
 .igot.plt      0x200000ec        0x0 c:/gd32embeddedbuilder_1.5.3.31964/gd32embeddedbuilder_1.5.3.31964/tools/gnu tools arm embedded/xpack-arm-none-eabi-gcc/9.2.1-1.1/bin/../lib/gcc/arm-none-eabi/9.2.1/thumb/v7e-m/nofp/crtbegin.o
                0x200000ec                . = ALIGN (0x4)

.bss            0x200000ec       0x50 load address 0x08002f30
                0x200000ec                . = ALIGN (0x4)
                0x200000ec                _sbss = .
                0x200000ec                __bss_start__ = _sbss
 *(.bss)
 *(.bss*)
 .bss.completed.8911
                0x200000ec        0x1 c:/gd32embeddedbuilder_1.5.3.31964/gd32embeddedbuilder_1.5.3.31964/tools/gnu tools arm embedded/xpack-arm-none-eabi-gcc/9.2.1-1.1/bin/../lib/gcc/arm-none-eabi/9.2.1/thumb/v7e-m/nofp/crtbegin.o
 *fill*         0x200000ed        0x3 
 .bss.object.8916
                0x200000f0       0x18 c:/gd32embeddedbuilder_1.5.3.31964/gd32embeddedbuilder_1.5.3.31964/tools/gnu tools arm embedded/xpack-arm-none-eabi-gcc/9.2.1-1.1/bin/../lib/gcc/arm-none-eabi/9.2.1/thumb/v7e-m/nofp/crtbegin.o
 .bss.timingdelaylocal.8671
                0x20000108        0x4 ./src/main.o
 .bss.delay     0x2000010c        0x4 ./src/systick.o
 .bss.__malloc_free_list
                0x20000110        0x4 c:/gd32embeddedbuilder_1.5.3.31964/gd32embeddedbuilder_1.5.3.31964/tools/gnu tools arm embedded/xpack-arm-none-eabi-gcc/9.2.1-1.1/bin/../lib/gcc/arm-none-eabi/9.2.1/../../../../arm-none-eabi/lib/thumb/v7e-m/nofp\libg_nano.a(lib_a-nano-mallocr.o)
                0x20000110                __malloc_free_list
 .bss.__malloc_sbrk_start
                0x20000114        0x4 c:/gd32embeddedbuilder_1.5.3.31964/gd32embeddedbuilder_1.5.3.31964/tools/gnu tools arm embedded/xpack-arm-none-eabi-gcc/9.2.1-1.1/bin/../lib/gcc/arm-none-eabi/9.2.1/../../../../arm-none-eabi/lib/thumb/v7e-m/nofp\libg_nano.a(lib_a-nano-mallocr.o)
                0x20000114                __malloc_sbrk_start
 *(COMMON)
 COMMON         0x20000118       0x14 ./src/main.o
                0x20000118                transmit_message
 COMMON         0x2000012c        0x4 c:/gd32embeddedbuilder_1.5.3.31964/gd32embeddedbuilder_1.5.3.31964/tools/gnu tools arm embedded/xpack-arm-none-eabi-gcc/9.2.1-1.1/bin/../lib/gcc/arm-none-eabi/9.2.1/../../../../arm-none-eabi/lib/thumb/v7e-m/nofp\libg_nano.a(lib_a-reent.o)
                0x2000012c                errno
 COMMON         0x20000130        0x9 c:/gd32embeddedbuilder_1.5.3.31964/gd32embeddedbuilder_1.5.3.31964/tools/gnu tools arm embedded/xpack-arm-none-eabi-gcc/9.2.1-1.1/bin/../lib/gcc/arm-none-eabi/9.2.1/../../../../arm-none-eabi/lib/thumb/v7e-m/nofp\libg_nano.a(lib_a-lock.o)
                0x20000130                __lock___atexit_recursive_mutex
                0x20000131                __lock___arc4random_mutex
                0x20000132                __lock___env_recursive_mutex
                0x20000133                __lock___sinit_recursive_mutex
                0x20000134                __lock___malloc_recursive_mutex
                0x20000135                __lock___at_quick_exit_mutex
                0x20000136                __lock___dd_hash_mutex
                0x20000137                __lock___tz_mutex
                0x20000138                __lock___sfp_recursive_mutex
                0x2000013c                . = ALIGN (0x4)
 *fill*         0x20000139        0x3 
                0x2000013c                _ebss = .
                0x2000013c                __bss_end__ = _ebss

.heap_stack     0x2000013c      0xc04 load address 0x08002f30
                0x20000140                . = ALIGN (0x8)
 *fill*         0x2000013c        0x4 
                [!provide]                PROVIDE (end = _ebss)
                0x2000013c                PROVIDE (_end = _ebss)
                0x20000540                . = (. + __heap_size)
 *fill*         0x20000140      0x400 
                0x20000540                PROVIDE (_heap_end = .)
                0x20000d40                . = (. + __stack_size)
 *fill*         0x20000540      0x800 
                0x20000d40                PROVIDE (_sp = .)
                0x20000d40                . = ALIGN (0x8)
START GROUP
LOAD c:/gd32embeddedbuilder_1.5.3.31964/gd32embeddedbuilder_1.5.3.31964/tools/gnu tools arm embedded/xpack-arm-none-eabi-gcc/9.2.1-1.1/bin/../lib/gcc/arm-none-eabi/9.2.1/thumb/v7e-m/nofp\libgcc.a
LOAD c:/gd32embeddedbuilder_1.5.3.31964/gd32embeddedbuilder_1.5.3.31964/tools/gnu tools arm embedded/xpack-arm-none-eabi-gcc/9.2.1-1.1/bin/../lib/gcc/arm-none-eabi/9.2.1/../../../../arm-none-eabi/lib/thumb/v7e-m/nofp\libc.a
LOAD c:/gd32embeddedbuilder_1.5.3.31964/gd32embeddedbuilder_1.5.3.31964/tools/gnu tools arm embedded/xpack-arm-none-eabi-gcc/9.2.1-1.1/bin/../lib/gcc/arm-none-eabi/9.2.1/../../../../arm-none-eabi/lib/thumb/v7e-m/nofp\libm.a
LOAD c:/gd32embeddedbuilder_1.5.3.31964/gd32embeddedbuilder_1.5.3.31964/tools/gnu tools arm embedded/xpack-arm-none-eabi-gcc/9.2.1-1.1/bin/../lib/gcc/arm-none-eabi/9.2.1/../../../../arm-none-eabi/lib/thumb/v7e-m/nofp\libnosys.a
END GROUP
OUTPUT(CAN_TEST.elf elf32-littlearm)

.debug_info     0x00000000     0x792a
 .debug_info    0x00000000      0x856 ./src/gd32f307c_eval.o
 .debug_info    0x00000856      0x160 ./src/gd32f30x_it.o
 .debug_info    0x000009b6     0x116e ./src/main.o
 .debug_info    0x00001b24      0x6a5 ./src/systick.o
 .debug_info    0x000021c9       0x22 ./gcc_startup/startup_gd32f30x_hd.o
 .debug_info    0x000021eb     0x16a2 ./Firmware/GD32F30x_standard_peripheral/Source/gd32f30x_can.o
 .debug_info    0x0000388d      0x3c2 ./Firmware/GD32F30x_standard_peripheral/Source/gd32f30x_exti.o
 .debug_info    0x00003c4f      0x686 ./Firmware/GD32F30x_standard_peripheral/Source/gd32f30x_gpio.o
 .debug_info    0x000042d5      0x74e ./Firmware/GD32F30x_standard_peripheral/Source/gd32f30x_misc.o
 .debug_info    0x00004a23      0xd93 ./Firmware/GD32F30x_standard_peripheral/Source/gd32f30x_rcu.o
 .debug_info    0x000057b6      0xded ./Firmware/GD32F30x_standard_peripheral/Source/gd32f30x_usart.o
 .debug_info    0x000065a3     0x10ce ./Firmware/CMSIS/GD/GD32F30x/Source/syscalls.o
 .debug_info    0x00007671      0x2b9 ./Firmware/CMSIS/GD/GD32F30x/Source/system_gd32f30x.o

.debug_abbrev   0x00000000     0x1674
 .debug_abbrev  0x00000000      0x195 ./src/gd32f307c_eval.o
 .debug_abbrev  0x00000195       0x9d ./src/gd32f30x_it.o
 .debug_abbrev  0x00000232      0x2d2 ./src/main.o
 .debug_abbrev  0x00000504      0x1da ./src/systick.o
 .debug_abbrev  0x000006de       0x12 ./gcc_startup/startup_gd32f30x_hd.o
 .debug_abbrev  0x000006f0      0x337 ./Firmware/GD32F30x_standard_peripheral/Source/gd32f30x_can.o
 .debug_abbrev  0x00000a27      0x127 ./Firmware/GD32F30x_standard_peripheral/Source/gd32f30x_exti.o
 .debug_abbrev  0x00000b4e      0x1ee ./Firmware/GD32F30x_standard_peripheral/Source/gd32f30x_gpio.o
 .debug_abbrev  0x00000d3c      0x19f ./Firmware/GD32F30x_standard_peripheral/Source/gd32f30x_misc.o
 .debug_abbrev  0x00000edb      0x1c0 ./Firmware/GD32F30x_standard_peripheral/Source/gd32f30x_rcu.o
 .debug_abbrev  0x0000109b      0x1a3 ./Firmware/GD32F30x_standard_peripheral/Source/gd32f30x_usart.o
 .debug_abbrev  0x0000123e      0x29c ./Firmware/CMSIS/GD/GD32F30x/Source/syscalls.o
 .debug_abbrev  0x000014da      0x19a ./Firmware/CMSIS/GD/GD32F30x/Source/system_gd32f30x.o

.debug_aranges  0x00000000      0x7b8
 .debug_aranges
                0x00000000       0x50 ./src/gd32f307c_eval.o
 .debug_aranges
                0x00000050       0x60 ./src/gd32f30x_it.o
 .debug_aranges
                0x000000b0       0x48 ./src/main.o
 .debug_aranges
                0x000000f8       0x40 ./src/systick.o
 .debug_aranges
                0x00000138       0x28 ./gcc_startup/startup_gd32f30x_hd.o
 .debug_aranges
                0x00000160       0xe8 ./Firmware/GD32F30x_standard_peripheral/Source/gd32f30x_can.o
 .debug_aranges
                0x00000248       0x78 ./Firmware/GD32F30x_standard_peripheral/Source/gd32f30x_exti.o
 .debug_aranges
                0x000002c0       0xb0 ./Firmware/GD32F30x_standard_peripheral/Source/gd32f30x_gpio.o
 .debug_aranges
                0x00000370       0x50 ./Firmware/GD32F30x_standard_peripheral/Source/gd32f30x_misc.o
 .debug_aranges
                0x000003c0      0x150 ./Firmware/GD32F30x_standard_peripheral/Source/gd32f30x_rcu.o
 .debug_aranges
                0x00000510      0x1a8 ./Firmware/GD32F30x_standard_peripheral/Source/gd32f30x_usart.o
 .debug_aranges
                0x000006b8       0xb8 ./Firmware/CMSIS/GD/GD32F30x/Source/syscalls.o
 .debug_aranges
                0x00000770       0x48 ./Firmware/CMSIS/GD/GD32F30x/Source/system_gd32f30x.o

.debug_ranges   0x00000000      0x6f0
 .debug_ranges  0x00000000       0x40 ./src/gd32f307c_eval.o
 .debug_ranges  0x00000040       0x50 ./src/gd32f30x_it.o
 .debug_ranges  0x00000090       0x38 ./src/main.o
 .debug_ranges  0x000000c8       0x30 ./src/systick.o
 .debug_ranges  0x000000f8       0x20 ./gcc_startup/startup_gd32f30x_hd.o
 .debug_ranges  0x00000118       0xd8 ./Firmware/GD32F30x_standard_peripheral/Source/gd32f30x_can.o
 .debug_ranges  0x000001f0       0x68 ./Firmware/GD32F30x_standard_peripheral/Source/gd32f30x_exti.o
 .debug_ranges  0x00000258       0xa0 ./Firmware/GD32F30x_standard_peripheral/Source/gd32f30x_gpio.o
 .debug_ranges  0x000002f8       0x40 ./Firmware/GD32F30x_standard_peripheral/Source/gd32f30x_misc.o
 .debug_ranges  0x00000338      0x140 ./Firmware/GD32F30x_standard_peripheral/Source/gd32f30x_rcu.o
 .debug_ranges  0x00000478      0x198 ./Firmware/GD32F30x_standard_peripheral/Source/gd32f30x_usart.o
 .debug_ranges  0x00000610       0xa8 ./Firmware/CMSIS/GD/GD32F30x/Source/syscalls.o
 .debug_ranges  0x000006b8       0x38 ./Firmware/CMSIS/GD/GD32F30x/Source/system_gd32f30x.o

.debug_macro    0x00000000     0xd57a
 .debug_macro   0x00000000      0x1a0 ./src/gd32f307c_eval.o
 .debug_macro   0x000001a0      0xa96 ./src/gd32f307c_eval.o
 .debug_macro   0x00000c36       0x70 ./src/gd32f307c_eval.o
 .debug_macro   0x00000ca6       0x3b ./src/gd32f307c_eval.o
 .debug_macro   0x00000ce1       0x22 ./src/gd32f307c_eval.o
 .debug_macro   0x00000d03       0x8e ./src/gd32f307c_eval.o
 .debug_macro   0x00000d91       0x51 ./src/gd32f307c_eval.o
 .debug_macro   0x00000de2       0xef ./src/gd32f307c_eval.o
 .debug_macro   0x00000ed1       0x6a ./src/gd32f307c_eval.o
 .debug_macro   0x00000f3b      0x1df ./src/gd32f307c_eval.o
 .debug_macro   0x0000111a       0x18 ./src/gd32f307c_eval.o
 .debug_macro   0x00001132       0x26 ./src/gd32f307c_eval.o
 .debug_macro   0x00001158      0xd39 ./src/gd32f307c_eval.o
 .debug_macro   0x00001e91       0x10 ./src/gd32f307c_eval.o
 .debug_macro   0x00001ea1      0x11c ./src/gd32f307c_eval.o
 .debug_macro   0x00001fbd      0xab5 ./src/gd32f307c_eval.o
 .debug_macro   0x00002a72      0x542 ./src/gd32f307c_eval.o
 .debug_macro   0x00002fb4      0x8ec ./src/gd32f307c_eval.o
 .debug_macro   0x000038a0       0x34 ./src/gd32f307c_eval.o
 .debug_macro   0x000038d4      0x194 ./src/gd32f307c_eval.o
 .debug_macro   0x00003a68      0x295 ./src/gd32f307c_eval.o
 .debug_macro   0x00003cfd       0xac ./src/gd32f307c_eval.o
 .debug_macro   0x00003da9      0x281 ./src/gd32f307c_eval.o
 .debug_macro   0x0000402a      0x337 ./src/gd32f307c_eval.o
 .debug_macro   0x00004361      0x395 ./src/gd32f307c_eval.o
 .debug_macro   0x000046f6       0xac ./src/gd32f307c_eval.o
 .debug_macro   0x000047a2      0x8dd ./src/gd32f307c_eval.o
 .debug_macro   0x0000507f      0x2e0 ./src/gd32f307c_eval.o
 .debug_macro   0x0000535f      0x18e ./src/gd32f307c_eval.o
 .debug_macro   0x000054ed      0x1ce ./src/gd32f307c_eval.o
 .debug_macro   0x000056bb       0xee ./src/gd32f307c_eval.o
 .debug_macro   0x000057a9      0x609 ./src/gd32f307c_eval.o
 .debug_macro   0x00005db2      0x3ca ./src/gd32f307c_eval.o
 .debug_macro   0x0000617c      0x9a4 ./src/gd32f307c_eval.o
 .debug_macro   0x00006b20      0x39a ./src/gd32f307c_eval.o
 .debug_macro   0x00006eba       0x70 ./src/gd32f307c_eval.o
 .debug_macro   0x00006f2a       0x70 ./src/gd32f307c_eval.o
 .debug_macro   0x00006f9a     0x135f ./src/gd32f307c_eval.o
 .debug_macro   0x000082f9      0x571 ./src/gd32f307c_eval.o
 .debug_macro   0x0000886a      0x12b ./src/gd32f307c_eval.o
 .debug_macro   0x00008995      0x1b5 ./src/gd32f30x_it.o
 .debug_macro   0x00008b4a      0x30f ./src/main.o
 .debug_macro   0x00008e59       0x64 ./src/main.o
 .debug_macro   0x00008ebd       0x18 ./src/main.o
 .debug_macro   0x00008ed5       0x35 ./src/main.o
 .debug_macro   0x00008f0a       0x34 ./src/main.o
 .debug_macro   0x00008f3e       0x16 ./src/main.o
 .debug_macro   0x00008f54       0x97 ./src/main.o
 .debug_macro   0x00008feb      0x339 ./src/main.o
 .debug_macro   0x00009324       0xfd ./src/main.o
 .debug_macro   0x00009421       0x10 ./src/main.o
 .debug_macro   0x00009431       0x58 ./src/main.o
 .debug_macro   0x00009489       0x1f ./src/main.o
 .debug_macro   0x000094a8       0x43 ./src/main.o
 .debug_macro   0x000094eb       0x20 ./src/main.o
 .debug_macro   0x0000950b      0x18e ./src/main.o
 .debug_macro   0x00009699       0x10 ./src/main.o
 .debug_macro   0x000096a9       0x1c ./src/main.o
 .debug_macro   0x000096c5       0x52 ./src/main.o
 .debug_macro   0x00009717       0x40 ./src/main.o
 .debug_macro   0x00009757       0x10 ./src/main.o
 .debug_macro   0x00009767       0x40 ./src/main.o
 .debug_macro   0x000097a7       0xd7 ./src/main.o
 .debug_macro   0x0000987e       0x1c ./src/main.o
 .debug_macro   0x0000989a       0x3d ./src/main.o
 .debug_macro   0x000098d7       0x16 ./src/main.o
 .debug_macro   0x000098ed      0x16f ./src/main.o
 .debug_macro   0x00009a5c      0x1a1 ./src/systick.o
 .debug_macro   0x00009bfd      0x26b ./Firmware/GD32F30x_standard_peripheral/Source/gd32f30x_can.o
 .debug_macro   0x00009e68      0x8e6 ./Firmware/GD32F30x_standard_peripheral/Source/gd32f30x_can.o
 .debug_macro   0x0000a74e       0x16 ./Firmware/GD32F30x_standard_peripheral/Source/gd32f30x_can.o
 .debug_macro   0x0000a764      0x10e ./Firmware/GD32F30x_standard_peripheral/Source/gd32f30x_can.o
 .debug_macro   0x0000a872       0x8d ./Firmware/GD32F30x_standard_peripheral/Source/gd32f30x_can.o
 .debug_macro   0x0000a8ff       0x16 ./Firmware/GD32F30x_standard_peripheral/Source/gd32f30x_can.o
 .debug_macro   0x0000a915       0x29 ./Firmware/GD32F30x_standard_peripheral/Source/gd32f30x_can.o
 .debug_macro   0x0000a93e      0x1a7 ./Firmware/GD32F30x_standard_peripheral/Source/gd32f30x_exti.o
 .debug_macro   0x0000aae5      0x331 ./Firmware/GD32F30x_standard_peripheral/Source/gd32f30x_exti.o
 .debug_macro   0x0000ae16      0x1d7 ./Firmware/GD32F30x_standard_peripheral/Source/gd32f30x_gpio.o
 .debug_macro   0x0000afed      0x8d7 ./Firmware/GD32F30x_standard_peripheral/Source/gd32f30x_gpio.o
 .debug_macro   0x0000b8c4      0x1a1 ./Firmware/GD32F30x_standard_peripheral/Source/gd32f30x_misc.o
 .debug_macro   0x0000ba65       0x6a ./Firmware/GD32F30x_standard_peripheral/Source/gd32f30x_misc.o
 .debug_macro   0x0000bacf      0x1dd ./Firmware/GD32F30x_standard_peripheral/Source/gd32f30x_rcu.o
 .debug_macro   0x0000bcac      0x1b3 ./Firmware/GD32F30x_standard_peripheral/Source/gd32f30x_usart.o
 .debug_macro   0x0000be5f      0x394 ./Firmware/GD32F30x_standard_peripheral/Source/gd32f30x_usart.o
 .debug_macro   0x0000c1f3      0x272 ./Firmware/CMSIS/GD/GD32F30x/Source/syscalls.o
 .debug_macro   0x0000c465       0x5e ./Firmware/CMSIS/GD/GD32F30x/Source/syscalls.o
 .debug_macro   0x0000c4c3       0x94 ./Firmware/CMSIS/GD/GD32F30x/Source/syscalls.o
 .debug_macro   0x0000c557       0x57 ./Firmware/CMSIS/GD/GD32F30x/Source/syscalls.o
 .debug_macro   0x0000c5ae      0x174 ./Firmware/CMSIS/GD/GD32F30x/Source/syscalls.o
 .debug_macro   0x0000c722       0x10 ./Firmware/CMSIS/GD/GD32F30x/Source/syscalls.o
 .debug_macro   0x0000c732       0x35 ./Firmware/CMSIS/GD/GD32F30x/Source/syscalls.o
 .debug_macro   0x0000c767       0x10 ./Firmware/CMSIS/GD/GD32F30x/Source/syscalls.o
 .debug_macro   0x0000c777       0x10 ./Firmware/CMSIS/GD/GD32F30x/Source/syscalls.o
 .debug_macro   0x0000c787       0x35 ./Firmware/CMSIS/GD/GD32F30x/Source/syscalls.o
 .debug_macro   0x0000c7bc      0x122 ./Firmware/CMSIS/GD/GD32F30x/Source/syscalls.o
 .debug_macro   0x0000c8de      0x22a ./Firmware/CMSIS/GD/GD32F30x/Source/syscalls.o
 .debug_macro   0x0000cb08       0x10 ./Firmware/CMSIS/GD/GD32F30x/Source/syscalls.o
 .debug_macro   0x0000cb18       0x1c ./Firmware/CMSIS/GD/GD32F30x/Source/syscalls.o
 .debug_macro   0x0000cb34       0x10 ./Firmware/CMSIS/GD/GD32F30x/Source/syscalls.o
 .debug_macro   0x0000cb44       0x16 ./Firmware/CMSIS/GD/GD32F30x/Source/syscalls.o
 .debug_macro   0x0000cb5a       0x88 ./Firmware/CMSIS/GD/GD32F30x/Source/syscalls.o
 .debug_macro   0x0000cbe2       0x10 ./Firmware/CMSIS/GD/GD32F30x/Source/syscalls.o
 .debug_macro   0x0000cbf2      0x241 ./Firmware/CMSIS/GD/GD32F30x/Source/syscalls.o
 .debug_macro   0x0000ce33       0x16 ./Firmware/CMSIS/GD/GD32F30x/Source/syscalls.o
 .debug_macro   0x0000ce49       0x16 ./Firmware/CMSIS/GD/GD32F30x/Source/syscalls.o
 .debug_macro   0x0000ce5f      0x51a ./Firmware/CMSIS/GD/GD32F30x/Source/syscalls.o
 .debug_macro   0x0000d379       0x3a ./Firmware/CMSIS/GD/GD32F30x/Source/syscalls.o
 .debug_macro   0x0000d3b3      0x1c7 ./Firmware/CMSIS/GD/GD32F30x/Source/system_gd32f30x.o

.debug_line     0x00000000     0x6dbe
 .debug_line    0x00000000      0x6cb ./src/gd32f307c_eval.o
 .debug_line    0x000006cb      0x6b1 ./src/gd32f30x_it.o
 .debug_line    0x00000d7c      0x8a0 ./src/main.o
 .debug_line    0x0000161c      0x6b5 ./src/systick.o
 .debug_line    0x00001cd1       0x7f ./gcc_startup/startup_gd32f30x_hd.o
 .debug_line    0x00001d50      0xe53 ./Firmware/GD32F30x_standard_peripheral/Source/gd32f30x_can.o
 .debug_line    0x00002ba3      0x7b0 ./Firmware/GD32F30x_standard_peripheral/Source/gd32f30x_exti.o
 .debug_line    0x00003353      0xa22 ./Firmware/GD32F30x_standard_peripheral/Source/gd32f30x_gpio.o
 .debug_line    0x00003d75      0x756 ./Firmware/GD32F30x_standard_peripheral/Source/gd32f30x_misc.o
 .debug_line    0x000044cb      0xd10 ./Firmware/GD32F30x_standard_peripheral/Source/gd32f30x_rcu.o
 .debug_line    0x000051db      0xc07 ./Firmware/GD32F30x_standard_peripheral/Source/gd32f30x_usart.o
 .debug_line    0x00005de2      0x76d ./Firmware/CMSIS/GD/GD32F30x/Source/syscalls.o
 .debug_line    0x0000654f      0x86f ./Firmware/CMSIS/GD/GD32F30x/Source/system_gd32f30x.o

.debug_str      0x00000000    0x350f4
 .debug_str     0x00000000    0x2bee5 ./src/gd32f307c_eval.o
                              0x2c0f7 (size before relaxing)
 .debug_str     0x0002bee5       0xc8 ./src/gd32f30x_it.o
                              0x2b3de (size before relaxing)
 .debug_str     0x0002bfad     0x44a2 ./src/main.o
                              0x303fa (size before relaxing)
 .debug_str     0x0003044f      0x134 ./src/systick.o
                              0x2b882 (size before relaxing)
 .debug_str     0x00030583       0x33 ./gcc_startup/startup_gd32f30x_hd.o
                                 0xae (size before relaxing)
 .debug_str     0x000305b6      0xa81 ./Firmware/GD32F30x_standard_peripheral/Source/gd32f30x_can.o
                              0x2efa7 (size before relaxing)
 .debug_str     0x00031037      0x197 ./Firmware/GD32F30x_standard_peripheral/Source/gd32f30x_exti.o
                              0x2b5c3 (size before relaxing)
 .debug_str     0x000311ce      0x393 ./Firmware/GD32F30x_standard_peripheral/Source/gd32f30x_gpio.o
                              0x2b8e9 (size before relaxing)
 .debug_str     0x00031561      0x166 ./Firmware/GD32F30x_standard_peripheral/Source/gd32f30x_misc.o
                              0x2b955 (size before relaxing)
 .debug_str     0x000316c7      0x9e6 ./Firmware/GD32F30x_standard_peripheral/Source/gd32f30x_rcu.o
                              0x2c0ed (size before relaxing)
 .debug_str     0x000320ad      0x89b ./Firmware/GD32F30x_standard_peripheral/Source/gd32f30x_usart.o
                              0x2beb5 (size before relaxing)
 .debug_str     0x00032948     0x240d ./Firmware/CMSIS/GD/GD32F30x/Source/syscalls.o
                               0x993e (size before relaxing)
 .debug_str     0x00034d55      0x39f ./Firmware/CMSIS/GD/GD32F30x/Source/system_gd32f30x.o
                              0x2b739 (size before relaxing)

.comment        0x00000000       0x66
 .comment       0x00000000       0x66 ./src/gd32f307c_eval.o
                                 0x67 (size before relaxing)
 .comment       0x00000066       0x67 ./src/gd32f30x_it.o
 .comment       0x00000066       0x67 ./src/main.o
 .comment       0x00000066       0x67 ./src/systick.o
 .comment       0x00000066       0x67 ./Firmware/GD32F30x_standard_peripheral/Source/gd32f30x_can.o
 .comment       0x00000066       0x67 ./Firmware/GD32F30x_standard_peripheral/Source/gd32f30x_exti.o
 .comment       0x00000066       0x67 ./Firmware/GD32F30x_standard_peripheral/Source/gd32f30x_gpio.o
 .comment       0x00000066       0x67 ./Firmware/GD32F30x_standard_peripheral/Source/gd32f30x_misc.o
 .comment       0x00000066       0x67 ./Firmware/GD32F30x_standard_peripheral/Source/gd32f30x_rcu.o
 .comment       0x00000066       0x67 ./Firmware/GD32F30x_standard_peripheral/Source/gd32f30x_usart.o
 .comment       0x00000066       0x67 ./Firmware/CMSIS/GD/GD32F30x/Source/syscalls.o
 .comment       0x00000066       0x67 ./Firmware/CMSIS/GD/GD32F30x/Source/system_gd32f30x.o

.debug_frame    0x00000000     0x2818
 .debug_frame   0x00000000      0x12c ./src/gd32f307c_eval.o
 .debug_frame   0x0000012c      0x12c ./src/gd32f30x_it.o
 .debug_frame   0x00000258       0xd4 ./src/main.o
 .debug_frame   0x0000032c       0xc8 ./src/systick.o
 .debug_frame   0x000003f4      0x420 ./Firmware/GD32F30x_standard_peripheral/Source/gd32f30x_can.o
 .debug_frame   0x00000814      0x1ec ./Firmware/GD32F30x_standard_peripheral/Source/gd32f30x_exti.o
 .debug_frame   0x00000a00      0x2f0 ./Firmware/GD32F30x_standard_peripheral/Source/gd32f30x_gpio.o
 .debug_frame   0x00000cf0      0x128 ./Firmware/GD32F30x_standard_peripheral/Source/gd32f30x_misc.o
 .debug_frame   0x00000e18      0x60c ./Firmware/GD32F30x_standard_peripheral/Source/gd32f30x_rcu.o
 .debug_frame   0x00001424      0x7e0 ./Firmware/GD32F30x_standard_peripheral/Source/gd32f30x_usart.o
 .debug_frame   0x00001c04      0x330 ./Firmware/CMSIS/GD/GD32F30x/Source/syscalls.o
 .debug_frame   0x00001f34       0xf8 ./Firmware/CMSIS/GD/GD32F30x/Source/system_gd32f30x.o
 .debug_frame   0x0000202c       0x2c c:/gd32embeddedbuilder_1.5.3.31964/gd32embeddedbuilder_1.5.3.31964/tools/gnu tools arm embedded/xpack-arm-none-eabi-gcc/9.2.1-1.1/bin/../lib/gcc/arm-none-eabi/9.2.1/../../../../arm-none-eabi/lib/thumb/v7e-m/nofp\libg_nano.a(lib_a-init.o)
 .debug_frame   0x00002058       0x20 c:/gd32embeddedbuilder_1.5.3.31964/gd32embeddedbuilder_1.5.3.31964/tools/gnu tools arm embedded/xpack-arm-none-eabi-gcc/9.2.1-1.1/bin/../lib/gcc/arm-none-eabi/9.2.1/../../../../arm-none-eabi/lib/thumb/v7e-m/nofp\libg_nano.a(lib_a-memset.o)
 .debug_frame   0x00002078       0x74 c:/gd32embeddedbuilder_1.5.3.31964/gd32embeddedbuilder_1.5.3.31964/tools/gnu tools arm embedded/xpack-arm-none-eabi-gcc/9.2.1-1.1/bin/../lib/gcc/arm-none-eabi/9.2.1/../../../../arm-none-eabi/lib/thumb/v7e-m/nofp\libg_nano.a(lib_a-printf.o)
 .debug_frame   0x000020ec       0x5c c:/gd32embeddedbuilder_1.5.3.31964/gd32embeddedbuilder_1.5.3.31964/tools/gnu tools arm embedded/xpack-arm-none-eabi-gcc/9.2.1-1.1/bin/../lib/gcc/arm-none-eabi/9.2.1/../../../../arm-none-eabi/lib/thumb/v7e-m/nofp\libg_nano.a(lib_a-reent.o)
 .debug_frame   0x00002148      0x14c c:/gd32embeddedbuilder_1.5.3.31964/gd32embeddedbuilder_1.5.3.31964/tools/gnu tools arm embedded/xpack-arm-none-eabi-gcc/9.2.1-1.1/bin/../lib/gcc/arm-none-eabi/9.2.1/../../../../arm-none-eabi/lib/thumb/v7e-m/nofp\libg_nano.a(lib_a-findfp.o)
 .debug_frame   0x00002294       0x54 c:/gd32embeddedbuilder_1.5.3.31964/gd32embeddedbuilder_1.5.3.31964/tools/gnu tools arm embedded/xpack-arm-none-eabi-gcc/9.2.1-1.1/bin/../lib/gcc/arm-none-eabi/9.2.1/../../../../arm-none-eabi/lib/thumb/v7e-m/nofp\libg_nano.a(lib_a-fwalk.o)
 .debug_frame   0x000022e8       0xb0 c:/gd32embeddedbuilder_1.5.3.31964/gd32embeddedbuilder_1.5.3.31964/tools/gnu tools arm embedded/xpack-arm-none-eabi-gcc/9.2.1-1.1/bin/../lib/gcc/arm-none-eabi/9.2.1/../../../../arm-none-eabi/lib/thumb/v7e-m/nofp\libg_nano.a(lib_a-lock.o)
 .debug_frame   0x00002398       0x38 c:/gd32embeddedbuilder_1.5.3.31964/gd32embeddedbuilder_1.5.3.31964/tools/gnu tools arm embedded/xpack-arm-none-eabi-gcc/9.2.1-1.1/bin/../lib/gcc/arm-none-eabi/9.2.1/../../../../arm-none-eabi/lib/thumb/v7e-m/nofp\libg_nano.a(lib_a-nano-freer.o)
 .debug_frame   0x000023d0       0x30 c:/gd32embeddedbuilder_1.5.3.31964/gd32embeddedbuilder_1.5.3.31964/tools/gnu tools arm embedded/xpack-arm-none-eabi-gcc/9.2.1-1.1/bin/../lib/gcc/arm-none-eabi/9.2.1/../../../../arm-none-eabi/lib/thumb/v7e-m/nofp\libg_nano.a(lib_a-nano-mallocr.o)
 .debug_frame   0x00002400       0xac c:/gd32embeddedbuilder_1.5.3.31964/gd32embeddedbuilder_1.5.3.31964/tools/gnu tools arm embedded/xpack-arm-none-eabi-gcc/9.2.1-1.1/bin/../lib/gcc/arm-none-eabi/9.2.1/../../../../arm-none-eabi/lib/thumb/v7e-m/nofp\libg_nano.a(lib_a-nano-vfprintf.o)
 .debug_frame   0x000024ac       0x60 c:/gd32embeddedbuilder_1.5.3.31964/gd32embeddedbuilder_1.5.3.31964/tools/gnu tools arm embedded/xpack-arm-none-eabi-gcc/9.2.1-1.1/bin/../lib/gcc/arm-none-eabi/9.2.1/../../../../arm-none-eabi/lib/thumb/v7e-m/nofp\libg_nano.a(lib_a-nano-vfprintf_i.o)
 .debug_frame   0x0000250c       0x2c c:/gd32embeddedbuilder_1.5.3.31964/gd32embeddedbuilder_1.5.3.31964/tools/gnu tools arm embedded/xpack-arm-none-eabi-gcc/9.2.1-1.1/bin/../lib/gcc/arm-none-eabi/9.2.1/../../../../arm-none-eabi/lib/thumb/v7e-m/nofp\libg_nano.a(lib_a-sbrkr.o)
 .debug_frame   0x00002538       0x88 c:/gd32embeddedbuilder_1.5.3.31964/gd32embeddedbuilder_1.5.3.31964/tools/gnu tools arm embedded/xpack-arm-none-eabi-gcc/9.2.1-1.1/bin/../lib/gcc/arm-none-eabi/9.2.1/../../../../arm-none-eabi/lib/thumb/v7e-m/nofp\libg_nano.a(lib_a-stdio.o)
 .debug_frame   0x000025c0       0x40 c:/gd32embeddedbuilder_1.5.3.31964/gd32embeddedbuilder_1.5.3.31964/tools/gnu tools arm embedded/xpack-arm-none-eabi-gcc/9.2.1-1.1/bin/../lib/gcc/arm-none-eabi/9.2.1/../../../../arm-none-eabi/lib/thumb/v7e-m/nofp\libg_nano.a(lib_a-wbuf.o)
 .debug_frame   0x00002600       0x2c c:/gd32embeddedbuilder_1.5.3.31964/gd32embeddedbuilder_1.5.3.31964/tools/gnu tools arm embedded/xpack-arm-none-eabi-gcc/9.2.1-1.1/bin/../lib/gcc/arm-none-eabi/9.2.1/../../../../arm-none-eabi/lib/thumb/v7e-m/nofp\libg_nano.a(lib_a-writer.o)
 .debug_frame   0x0000262c       0x2c c:/gd32embeddedbuilder_1.5.3.31964/gd32embeddedbuilder_1.5.3.31964/tools/gnu tools arm embedded/xpack-arm-none-eabi-gcc/9.2.1-1.1/bin/../lib/gcc/arm-none-eabi/9.2.1/../../../../arm-none-eabi/lib/thumb/v7e-m/nofp\libg_nano.a(lib_a-wsetup.o)
 .debug_frame   0x00002658       0x2c c:/gd32embeddedbuilder_1.5.3.31964/gd32embeddedbuilder_1.5.3.31964/tools/gnu tools arm embedded/xpack-arm-none-eabi-gcc/9.2.1-1.1/bin/../lib/gcc/arm-none-eabi/9.2.1/../../../../arm-none-eabi/lib/thumb/v7e-m/nofp\libg_nano.a(lib_a-closer.o)
 .debug_frame   0x00002684       0x5c c:/gd32embeddedbuilder_1.5.3.31964/gd32embeddedbuilder_1.5.3.31964/tools/gnu tools arm embedded/xpack-arm-none-eabi-gcc/9.2.1-1.1/bin/../lib/gcc/arm-none-eabi/9.2.1/../../../../arm-none-eabi/lib/thumb/v7e-m/nofp\libg_nano.a(lib_a-fflush.o)
 .debug_frame   0x000026e0       0x2c c:/gd32embeddedbuilder_1.5.3.31964/gd32embeddedbuilder_1.5.3.31964/tools/gnu tools arm embedded/xpack-arm-none-eabi-gcc/9.2.1-1.1/bin/../lib/gcc/arm-none-eabi/9.2.1/../../../../arm-none-eabi/lib/thumb/v7e-m/nofp\libg_nano.a(lib_a-lseekr.o)
 .debug_frame   0x0000270c       0x58 c:/gd32embeddedbuilder_1.5.3.31964/gd32embeddedbuilder_1.5.3.31964/tools/gnu tools arm embedded/xpack-arm-none-eabi-gcc/9.2.1-1.1/bin/../lib/gcc/arm-none-eabi/9.2.1/../../../../arm-none-eabi/lib/thumb/v7e-m/nofp\libg_nano.a(lib_a-makebuf.o)
 .debug_frame   0x00002764       0x30 c:/gd32embeddedbuilder_1.5.3.31964/gd32embeddedbuilder_1.5.3.31964/tools/gnu tools arm embedded/xpack-arm-none-eabi-gcc/9.2.1-1.1/bin/../lib/gcc/arm-none-eabi/9.2.1/../../../../arm-none-eabi/lib/thumb/v7e-m/nofp\libg_nano.a(lib_a-mlock.o)
 .debug_frame   0x00002794       0x2c c:/gd32embeddedbuilder_1.5.3.31964/gd32embeddedbuilder_1.5.3.31964/tools/gnu tools arm embedded/xpack-arm-none-eabi-gcc/9.2.1-1.1/bin/../lib/gcc/arm-none-eabi/9.2.1/../../../../arm-none-eabi/lib/thumb/v7e-m/nofp\libg_nano.a(lib_a-readr.o)
 .debug_frame   0x000027c0       0x2c c:/gd32embeddedbuilder_1.5.3.31964/gd32embeddedbuilder_1.5.3.31964/tools/gnu tools arm embedded/xpack-arm-none-eabi-gcc/9.2.1-1.1/bin/../lib/gcc/arm-none-eabi/9.2.1/../../../../arm-none-eabi/lib/thumb/v7e-m/nofp\libg_nano.a(lib_a-fstatr.o)
 .debug_frame   0x000027ec       0x2c c:/gd32embeddedbuilder_1.5.3.31964/gd32embeddedbuilder_1.5.3.31964/tools/gnu tools arm embedded/xpack-arm-none-eabi-gcc/9.2.1-1.1/bin/../lib/gcc/arm-none-eabi/9.2.1/../../../../arm-none-eabi/lib/thumb/v7e-m/nofp\libg_nano.a(lib_a-isattyr.o)
