   1              	# 1 "../gcc_startup/startup_gd32f30x_hd.S"
   1              	  .syntax unified
   0              	
   0              	
   0              	
   2              	  .cpu cortex-m4
   3              	  .fpu softvfp
   4              	  .thumb
   5              	  
   6              	.global  Default_Handler
   7              	
   8              	/* necessary symbols defined in linker script to initialize data */
   9 0000 00000000 	.word  _sidata
  10 0004 00000000 	.word  _sdata
  11 0008 00000000 	.word  _edata
  12 000c 00000000 	.word  _sbss
  13 0010 00000000 	.word  _ebss
  14              	
  15              	
  16              	  .section  .text.Reset_Handler
  17              	  .weak  Reset_Handler
  19              	
  20              	/* reset Handler */
  21              	Reset_Handler:
  22 0000 0021     	  movs r1, #0
  23 0002 03E0     	  b DataInit
  24              	
  25              	CopyData:
  26 0004 0B4B     	  ldr r3, =_sidata
  27 0006 5B58     	  ldr r3, [r3, r1]
  28 0008 4350     	  str r3, [r0, r1]
  29 000a 0431     	  adds r1, r1, #4
  30              	    
  31              	DataInit:
  32 000c 0A48     	  ldr r0, =_sdata
  33 000e 0B4B     	  ldr r3, =_edata
  34 0010 4218     	  adds r2, r0, r1
  35 0012 9A42     	  cmp r2, r3
  36 0014 F6D3     	  bcc CopyData
  37 0016 0A4A     	  ldr r2, =_sbss
  38 0018 02E0     	  b Zerobss
  39              	
  40              	FillZerobss:
  41 001a 0023     	  movs r3, #0
  42 001c 42F8043B 	  str r3, [r2], #4
  43              	    
  44              	Zerobss:
  45 0020 084B     	  ldr r3, = _ebss
  46 0022 9A42     	  cmp r2, r3
  47 0024 F9D3     	  bcc FillZerobss
  48              	/* Call SystemInit function */
  49 0026 FFF7FEFF 	  bl  SystemInit
  50              	/* Call static constructors */
  51 002a FFF7FEFF 	  bl __libc_init_array
  52              	/*Call the main function */
  53 002e FFF7FEFF 	  bl main
  54 0032 7047     	  bx lr
  56              	
  57              	    .section .text.Default_Handler,"ax",%progbits
  58              	Default_Handler:
  59              	Infinite_Loop:
  60 0000 FEE7     	  b Infinite_Loop
  62              	
  63              	   .section  .vectors,"a",%progbits
  64              	   .global __gVectors
  65              	
  66              	__gVectors:
  67 0000 00000000 	                    .word _sp                                     /* Top of Stack */
  68 0004 00000000 	                    .word Reset_Handler                           /* Reset Handler */
  69 0008 00000000 	                    .word NMI_Handler                             /* NMI Handler */
  70 000c 00000000 	                    .word HardFault_Handler                       /* Hard Fault Handler */
  71 0010 00000000 	                    .word MemManage_Handler                       /* MPU Fault Handler */
  72 0014 00000000 	                    .word BusFault_Handler                        /* Bus Fault Handler */
  73 0018 00000000 	                    .word UsageFault_Handler                      /* Usage Fault Handler */
  74 001c 00000000 	                    .word 0                                       /* Reserved */
  75 0020 00000000 	                    .word 0                                       /* Reserved */
  76 0024 00000000 	                    .word 0                                       /* Reserved */
  77 0028 00000000 	                    .word 0                                       /* Reserved */
  78 002c 00000000 	                    .word SVC_Handler                             /* SVCall Handler */
  79 0030 00000000 	                    .word DebugMon_Handler                        /* Debug Monitor Handler */
  80 0034 00000000 	                    .word 0                                       /* Reserved */
  81 0038 00000000 	                    .word PendSV_Handler                          /* PendSV Handler */
  82 003c 00000000 	                    .word SysTick_Handler                         /* SysTick Handler */
  83              	
  84              	                    /* External interrupts handler */
  85 0040 00000000 	                    .word WWDGT_IRQHandler                        /* Vector Number 16,Window Watchd
  86 0044 00000000 	                    .word LVD_IRQHandler                          /* Vector Number 17,LVD through E
  87 0048 00000000 	                    .word TAMPER_IRQHandler                       /* Vector Number 18,Tamper throug
  88 004c 00000000 	                    .word RTC_IRQHandler                          /* Vector Number 19,RTC through E
  89 0050 00000000 	                    .word FMC_IRQHandler                          /* Vector Number 20,FMC */
  90 0054 00000000 	                    .word RCU_CTC_IRQHandler                      /* Vector Number 21,RCU and CTC *
  91 0058 00000000 	                    .word EXTI0_IRQHandler                        /* Vector Number 22,EXTI Line 0 *
  92 005c 00000000 	                    .word EXTI1_IRQHandler                        /* Vector Number 23,EXTI Line 1 *
  93 0060 00000000 	                    .word EXTI2_IRQHandler                        /* Vector Number 24,EXTI Line 2 *
  94 0064 00000000 	                    .word EXTI3_IRQHandler                        /* Vector Number 25,EXTI Line 3 *
  95 0068 00000000 	                    .word EXTI4_IRQHandler                        /* Vector Number 26,EXTI Line 4 *
  96 006c 00000000 	                    .word DMA0_Channel0_IRQHandler                /* Vector Number 27,DMA0 Channel0
  97 0070 00000000 	                    .word DMA0_Channel1_IRQHandler                /* Vector Number 28,DMA0 Channel1
  98 0074 00000000 	                    .word DMA0_Channel2_IRQHandler                /* Vector Number 29,DMA0 Channel2
  99 0078 00000000 	                    .word DMA0_Channel3_IRQHandler                /* Vector Number 30,DMA0 Channel3
 100 007c 00000000 	                    .word DMA0_Channel4_IRQHandler                /* Vector Number 31,DMA0 Channel4
 101 0080 00000000 	                    .word DMA0_Channel5_IRQHandler                /* Vector Number 32,DMA0 Channel5
 102 0084 00000000 	                    .word DMA0_Channel6_IRQHandler                /* Vector Number 33,DMA0 Channel6
 103 0088 00000000 	                    .word ADC0_1_IRQHandler                       /* Vector Number 34,ADC0 and ADC1
 104 008c 00000000 	                    .word USBD_HP_CAN0_TX_IRQHandler              /* Vector Number 35,USBD HP and C
 105 0090 00000000 	                    .word USBD_LP_CAN0_RX0_IRQHandler             /* Vector Number 36,USBD LP and C
 106 0094 00000000 	                    .word CAN0_RX1_IRQHandler                     /* Vector Number 37,CAN0 RX1 */
 107 0098 00000000 	                    .word CAN0_EWMC_IRQHandler                    /* Vector Number 38,CAN0 EWMC */
 108 009c 00000000 	                    .word EXTI5_9_IRQHandler                      /* Vector Number 39,EXTI5 to EXTI
 109 00a0 00000000 	                    .word TIMER0_BRK_IRQHandler                   /* Vector Number 40,TIMER0 Break 
 110 00a4 00000000 	                    .word TIMER0_UP_IRQHandler                    /* Vector Number 41,TIMER0 Update
 111 00a8 00000000 	                    .word TIMER0_TRG_CMT_IRQHandler               /* Vector Number 42,TIMER0 Trigge
 112 00ac 00000000 	                    .word TIMER0_Channel_IRQHandler               /* Vector Number 43,TIMER0 Channe
 113 00b0 00000000 	                    .word TIMER1_IRQHandler                       /* Vector Number 44,TIMER1 */
 114 00b4 00000000 	                    .word TIMER2_IRQHandler                       /* Vector Number 45,TIMER2 */
 115 00b8 00000000 	                    .word TIMER3_IRQHandler                       /* Vector Number 46,TIMER3 */
 116 00bc 00000000 	                    .word I2C0_EV_IRQHandler                      /* Vector Number 47,I2C0 Event */
 117 00c0 00000000 	                    .word I2C0_ER_IRQHandler                      /* Vector Number 48,I2C0 Error */
 118 00c4 00000000 	                    .word I2C1_EV_IRQHandler                      /* Vector Number 49,I2C1 Event */
 119 00c8 00000000 	                    .word I2C1_ER_IRQHandler                      /* Vector Number 50,I2C1 Error */
 120 00cc 00000000 	                    .word SPI0_IRQHandler                         /* Vector Number 51,SPI0 */
 121 00d0 00000000 	                    .word SPI1_IRQHandler                         /* Vector Number 52,SPI1 */
 122 00d4 00000000 	                    .word USART0_IRQHandler                       /* Vector Number 53,USART0 */
 123 00d8 00000000 	                    .word USART1_IRQHandler                       /* Vector Number 54,USART1 */
 124 00dc 00000000 	                    .word USART2_IRQHandler                       /* Vector Number 55,USART2 */
 125 00e0 00000000 	                    .word EXTI10_15_IRQHandler                    /* Vector Number 56,EXTI10 to EXT
 126 00e4 00000000 	                    .word RTC_Alarm_IRQHandler                    /* Vector Number 57,RTC Alarm */
 127 00e8 00000000 	                    .word USBD_WKUP_IRQHandler                    /* Vector Number 58,USBD Wakeup *
 128 00ec 00000000 	                    .word TIMER7_BRK_IRQHandler                   /* Vector Number 59,TIMER7 Break 
 129 00f0 00000000 	                    .word TIMER7_UP_IRQHandler                    /* Vector Number 60,TIMER7 Update
 130 00f4 00000000 	                    .word TIMER7_TRG_CMT_IRQHandler               /* Vector Number 61,TIMER7 Trigge
 131 00f8 00000000 	                    .word TIMER7_Channel_IRQHandler               /* Vector Number 62,TIMER7 Channe
 132 00fc 00000000 	                    .word ADC2_IRQHandler                         /* Vector Number 63,ADC2 */
 133 0100 00000000 	                    .word EXMC_IRQHandler                         /* Vector Number 64,EXMC */
 134 0104 00000000 	                    .word SDIO_IRQHandler                         /* Vector Number 65,SDIO */
 135 0108 00000000 	                    .word TIMER4_IRQHandler                       /* Vector Number 66,TIMER4 */
 136 010c 00000000 	                    .word SPI2_IRQHandler                         /* Vector Number 67,SPI2 */
 137 0110 00000000 	                    .word UART3_IRQHandler                        /* Vector Number 68,UART3 */
 138 0114 00000000 	                    .word UART4_IRQHandler                        /* Vector Number 69,UART4 */
 139 0118 00000000 	                    .word TIMER5_IRQHandler                       /* Vector Number 70,TIMER5 */
 140 011c 00000000 	                    .word TIMER6_IRQHandler                       /* Vector Number 71,TIMER6 */
 141 0120 00000000 	                    .word DMA1_Channel0_IRQHandler                /* Vector Number 72,DMA1 Channel0
 142 0124 00000000 	                    .word DMA1_Channel1_IRQHandler                /* Vector Number 73,DMA1 Channel1
 143 0128 00000000 	                    .word DMA1_Channel2_IRQHandler                /* Vector Number 74,DMA1 Channel2
 144 012c 00000000 	                    .word DMA1_Channel3_4_IRQHandler              /* Vector Number 75,DMA1 Channel3
 145              	
 147              	
 148              	  .weak NMI_Handler
 149              	  .thumb_set NMI_Handler,Default_Handler
 150              	
 151              	  .weak HardFault_Handler
 152              	  .thumb_set HardFault_Handler,Default_Handler
 153              	
 154              	  .weak MemManage_Handler
 155              	  .thumb_set MemManage_Handler,Default_Handler
 156              	
 157              	  .weak BusFault_Handler
 158              	  .thumb_set BusFault_Handler,Default_Handler
 159              	
 160              	  .weak UsageFault_Handler
 161              	  .thumb_set UsageFault_Handler,Default_Handler
 162              	
 163              	  .weak SVC_Handler
 164              	  .thumb_set SVC_Handler,Default_Handler
 165              	
 166              	  .weak DebugMon_Handler
 167              	  .thumb_set DebugMon_Handler,Default_Handler
 168              	
 169              	  .weak PendSV_Handler
 170              	  .thumb_set PendSV_Handler,Default_Handler
 171              	
 172              	  .weak SysTick_Handler
 173              	  .thumb_set SysTick_Handler,Default_Handler
 174              	
 175              	  .weak WWDGT_IRQHandler
 176              	  .thumb_set WWDGT_IRQHandler,Default_Handler
 177              	
 178              	  .weak LVD_IRQHandler
 179              	  .thumb_set LVD_IRQHandler,Default_Handler
 180              	
 181              	  .weak TAMPER_IRQHandler
 182              	  .thumb_set TAMPER_IRQHandler,Default_Handler
 183              	
 184              	  .weak RTC_IRQHandler
 185              	  .thumb_set RTC_IRQHandler,Default_Handler
 186              	
 187              	  .weak FMC_IRQHandler
 188              	  .thumb_set FMC_IRQHandler,Default_Handler
 189              	
 190              	  .weak RCU_CTC_IRQHandler
 191              	  .thumb_set RCU_CTC_IRQHandler,Default_Handler
 192              	
 193              	  .weak EXTI0_IRQHandler
 194              	  .thumb_set EXTI0_IRQHandler,Default_Handler
 195              	
 196              	  .weak EXTI1_IRQHandler
 197              	  .thumb_set EXTI1_IRQHandler,Default_Handler
 198              	
 199              	  .weak EXTI2_IRQHandler
 200              	  .thumb_set EXTI2_IRQHandler,Default_Handler
 201              	
 202              	  .weak EXTI3_IRQHandler
 203              	  .thumb_set EXTI3_IRQHandler,Default_Handler
 204              	
 205              	  .weak EXTI4_IRQHandler
 206              	  .thumb_set EXTI4_IRQHandler,Default_Handler
 207              	
 208              	  .weak DMA0_Channel0_IRQHandler
 209              	  .thumb_set DMA0_Channel0_IRQHandler,Default_Handler
 210              	
 211              	  .weak DMA0_Channel1_IRQHandler
 212              	  .thumb_set DMA0_Channel1_IRQHandler,Default_Handler
 213              	
 214              	  .weak DMA0_Channel2_IRQHandler
 215              	  .thumb_set DMA0_Channel2_IRQHandler,Default_Handler
 216              	
 217              	  .weak DMA0_Channel3_IRQHandler
 218              	  .thumb_set DMA0_Channel3_IRQHandler,Default_Handler
 219              	
 220              	  .weak DMA0_Channel4_IRQHandler
 221              	  .thumb_set DMA0_Channel4_IRQHandler,Default_Handler
 222              	
 223              	  .weak DMA0_Channel5_IRQHandler
 224              	  .thumb_set DMA0_Channel5_IRQHandler,Default_Handler
 225              	
 226              	  .weak DMA0_Channel6_IRQHandler
 227              	  .thumb_set DMA0_Channel6_IRQHandler,Default_Handler
 228              	
 229              	  .weak ADC0_1_IRQHandler
 230              	  .thumb_set ADC0_1_IRQHandler,Default_Handler
 231              	
 232              	  .weak USBD_HP_CAN0_TX_IRQHandler
 233              	  .thumb_set USBD_HP_CAN0_TX_IRQHandler,Default_Handler
 234              	
 235              	  .weak USBD_LP_CAN0_RX0_IRQHandler
 236              	  .thumb_set USBD_LP_CAN0_RX0_IRQHandler,Default_Handler
 237              	
 238              	  .weak CAN0_RX1_IRQHandler
 239              	  .thumb_set CAN0_RX1_IRQHandler,Default_Handler
 240              	
 241              	  .weak CAN0_EWMC_IRQHandler
 242              	  .thumb_set CAN0_EWMC_IRQHandler,Default_Handler
 243              	
 244              	  .weak EXTI5_9_IRQHandler
 245              	  .thumb_set EXTI5_9_IRQHandler,Default_Handler
 246              	
 247              	  .weak TIMER0_BRK_IRQHandler
 248              	  .thumb_set TIMER0_BRK_IRQHandler,Default_Handler
 249              	
 250              	  .weak TIMER0_UP_IRQHandler
 251              	  .thumb_set TIMER0_UP_IRQHandler,Default_Handler
 252              	
 253              	  .weak TIMER0_TRG_CMT_IRQHandler
 254              	  .thumb_set TIMER0_TRG_CMT_IRQHandler,Default_Handler
 255              	
 256              	  .weak TIMER0_Channel_IRQHandler
 257              	  .thumb_set TIMER0_Channel_IRQHandler,Default_Handler
 258              	
 259              	  .weak TIMER1_IRQHandler
 260              	  .thumb_set TIMER1_IRQHandler,Default_Handler
 261              	
 262              	  .weak TIMER2_IRQHandler
 263              	  .thumb_set TIMER2_IRQHandler,Default_Handler
 264              	
 265              	  .weak TIMER3_IRQHandler
 266              	  .thumb_set TIMER3_IRQHandler,Default_Handler
 267              	
 268              	  .weak I2C0_EV_IRQHandler
 269              	  .thumb_set I2C0_EV_IRQHandler,Default_Handler
 270              	
 271              	  .weak I2C0_ER_IRQHandler
 272              	  .thumb_set I2C0_ER_IRQHandler,Default_Handler
 273              	
 274              	  .weak I2C1_EV_IRQHandler
 275              	  .thumb_set I2C1_EV_IRQHandler,Default_Handler
 276              	
 277              	  .weak I2C1_ER_IRQHandler
 278              	  .thumb_set I2C1_ER_IRQHandler,Default_Handler
 279              	
 280              	  .weak SPI0_IRQHandler
 281              	  .thumb_set SPI0_IRQHandler,Default_Handler
 282              	
 283              	  .weak SPI1_IRQHandler
 284              	  .thumb_set SPI1_IRQHandler,Default_Handler
 285              	
 286              	  .weak USART0_IRQHandler
 287              	  .thumb_set USART0_IRQHandler,Default_Handler
 288              	
 289              	  .weak USART1_IRQHandler
 290              	  .thumb_set USART1_IRQHandler,Default_Handler
 291              	
 292              	  .weak USART2_IRQHandler
 293              	  .thumb_set USART2_IRQHandler,Default_Handler
 294              	
 295              	  .weak EXTI10_15_IRQHandler
 296              	  .thumb_set EXTI10_15_IRQHandler,Default_Handler
 297              	
 298              	  .weak RTC_Alarm_IRQHandler
 299              	  .thumb_set RTC_Alarm_IRQHandler,Default_Handler
 300              	
 301              	  .weak USBD_WKUP_IRQHandler
 302              	  .thumb_set USBD_WKUP_IRQHandler,Default_Handler
 303              	
 304              	  .weak TIMER7_BRK_IRQHandler
 305              	  .thumb_set TIMER7_BRK_IRQHandler,Default_Handler
 306              	
 307              	  .weak TIMER7_UP_IRQHandler
 308              	  .thumb_set TIMER7_UP_IRQHandler,Default_Handler
 309              	
 310              	  .weak TIMER7_TRG_CMT_IRQHandler
 311              	  .thumb_set TIMER7_TRG_CMT_IRQHandler,Default_Handler
 312              	
 313              	  .weak TIMER7_Channel_IRQHandler
 314              	  .thumb_set TIMER7_Channel_IRQHandler,Default_Handler
 315              	
 316              	  .weak ADC2_IRQHandler
 317              	  .thumb_set ADC2_IRQHandler,Default_Handler
 318              	
 319              	  .weak EXMC_IRQHandler
 320              	  .thumb_set EXMC_IRQHandler,Default_Handler
 321              	
 322              	  .weak SDIO_IRQHandler
 323              	  .thumb_set SDIO_IRQHandler,Default_Handler
 324              	
 325              	  .weak TIMER4_IRQHandler
 326              	  .thumb_set TIMER4_IRQHandler,Default_Handler
 327              	
 328              	  .weak SPI2_IRQHandler
 329              	  .thumb_set SPI2_IRQHandler,Default_Handler
 330              	
 331              	  .weak UART3_IRQHandler
 332              	  .thumb_set UART3_IRQHandler,Default_Handler
 333              	
 334              	  .weak UART4_IRQHandler
 335              	  .thumb_set UART4_IRQHandler,Default_Handler
 336              	
 337              	  .weak TIMER5_IRQHandler
 338              	  .thumb_set TIMER5_IRQHandler,Default_Handler
 339              	
 340              	  .weak TIMER6_IRQHandler
 341              	  .thumb_set TIMER6_IRQHandler,Default_Handler
 342              	
 343              	  .weak DMA1_Channel0_IRQHandler
 344              	  .thumb_set DMA1_Channel0_IRQHandler,Default_Handler
 345              	
 346              	  .weak DMA1_Channel1_IRQHandler
 347              	  .thumb_set DMA1_Channel1_IRQHandler,Default_Handler
 348              	
 349              	  .weak DMA1_Channel2_IRQHandler
 350              	  .thumb_set DMA1_Channel2_IRQHandler,Default_Handler
 351              	
 352              	  .weak DMA1_Channel3_4_IRQHandler
 353              	  .thumb_set DMA1_Channel3_4_IRQHandler,Default_Handler
DEFINED SYMBOLS
../gcc_startup/startup_gd32f30x_hd.S:58     .text.Default_Handler:00000000 Default_Handler
../gcc_startup/startup_gd32f30x_hd.S:21     .text.Reset_Handler:00000000 Reset_Handler
../gcc_startup/startup_gd32f30x_hd.S:22     .text.Reset_Handler:00000000 $t
../gcc_startup/startup_gd32f30x_hd.S:31     .text.Reset_Handler:0000000c DataInit
../gcc_startup/startup_gd32f30x_hd.S:25     .text.Reset_Handler:00000004 CopyData
../gcc_startup/startup_gd32f30x_hd.S:44     .text.Reset_Handler:00000020 Zerobss
../gcc_startup/startup_gd32f30x_hd.S:40     .text.Reset_Handler:0000001a FillZerobss
../gcc_startup/startup_gd32f30x_hd.S:59     .text.Default_Handler:00000000 Infinite_Loop
../gcc_startup/startup_gd32f30x_hd.S:60     .text.Default_Handler:00000000 $t
../gcc_startup/startup_gd32f30x_hd.S:66     .vectors:00000000 __gVectors
../gcc_startup/startup_gd32f30x_hd.S:58     .text.Default_Handler:00000000 NMI_Handler
../gcc_startup/startup_gd32f30x_hd.S:58     .text.Default_Handler:00000000 HardFault_Handler
../gcc_startup/startup_gd32f30x_hd.S:58     .text.Default_Handler:00000000 MemManage_Handler
../gcc_startup/startup_gd32f30x_hd.S:58     .text.Default_Handler:00000000 BusFault_Handler
../gcc_startup/startup_gd32f30x_hd.S:58     .text.Default_Handler:00000000 UsageFault_Handler
../gcc_startup/startup_gd32f30x_hd.S:58     .text.Default_Handler:00000000 SVC_Handler
../gcc_startup/startup_gd32f30x_hd.S:58     .text.Default_Handler:00000000 DebugMon_Handler
../gcc_startup/startup_gd32f30x_hd.S:58     .text.Default_Handler:00000000 PendSV_Handler
../gcc_startup/startup_gd32f30x_hd.S:58     .text.Default_Handler:00000000 SysTick_Handler
../gcc_startup/startup_gd32f30x_hd.S:58     .text.Default_Handler:00000000 WWDGT_IRQHandler
../gcc_startup/startup_gd32f30x_hd.S:58     .text.Default_Handler:00000000 LVD_IRQHandler
../gcc_startup/startup_gd32f30x_hd.S:58     .text.Default_Handler:00000000 TAMPER_IRQHandler
../gcc_startup/startup_gd32f30x_hd.S:58     .text.Default_Handler:00000000 RTC_IRQHandler
../gcc_startup/startup_gd32f30x_hd.S:58     .text.Default_Handler:00000000 FMC_IRQHandler
../gcc_startup/startup_gd32f30x_hd.S:58     .text.Default_Handler:00000000 RCU_CTC_IRQHandler
../gcc_startup/startup_gd32f30x_hd.S:58     .text.Default_Handler:00000000 EXTI0_IRQHandler
../gcc_startup/startup_gd32f30x_hd.S:58     .text.Default_Handler:00000000 EXTI1_IRQHandler
../gcc_startup/startup_gd32f30x_hd.S:58     .text.Default_Handler:00000000 EXTI2_IRQHandler
../gcc_startup/startup_gd32f30x_hd.S:58     .text.Default_Handler:00000000 EXTI3_IRQHandler
../gcc_startup/startup_gd32f30x_hd.S:58     .text.Default_Handler:00000000 EXTI4_IRQHandler
../gcc_startup/startup_gd32f30x_hd.S:58     .text.Default_Handler:00000000 DMA0_Channel0_IRQHandler
../gcc_startup/startup_gd32f30x_hd.S:58     .text.Default_Handler:00000000 DMA0_Channel1_IRQHandler
../gcc_startup/startup_gd32f30x_hd.S:58     .text.Default_Handler:00000000 DMA0_Channel2_IRQHandler
../gcc_startup/startup_gd32f30x_hd.S:58     .text.Default_Handler:00000000 DMA0_Channel3_IRQHandler
../gcc_startup/startup_gd32f30x_hd.S:58     .text.Default_Handler:00000000 DMA0_Channel4_IRQHandler
../gcc_startup/startup_gd32f30x_hd.S:58     .text.Default_Handler:00000000 DMA0_Channel5_IRQHandler
../gcc_startup/startup_gd32f30x_hd.S:58     .text.Default_Handler:00000000 DMA0_Channel6_IRQHandler
../gcc_startup/startup_gd32f30x_hd.S:58     .text.Default_Handler:00000000 ADC0_1_IRQHandler
../gcc_startup/startup_gd32f30x_hd.S:58     .text.Default_Handler:00000000 USBD_HP_CAN0_TX_IRQHandler
../gcc_startup/startup_gd32f30x_hd.S:58     .text.Default_Handler:00000000 USBD_LP_CAN0_RX0_IRQHandler
../gcc_startup/startup_gd32f30x_hd.S:58     .text.Default_Handler:00000000 CAN0_RX1_IRQHandler
../gcc_startup/startup_gd32f30x_hd.S:58     .text.Default_Handler:00000000 CAN0_EWMC_IRQHandler
../gcc_startup/startup_gd32f30x_hd.S:58     .text.Default_Handler:00000000 EXTI5_9_IRQHandler
../gcc_startup/startup_gd32f30x_hd.S:58     .text.Default_Handler:00000000 TIMER0_BRK_IRQHandler
../gcc_startup/startup_gd32f30x_hd.S:58     .text.Default_Handler:00000000 TIMER0_UP_IRQHandler
../gcc_startup/startup_gd32f30x_hd.S:58     .text.Default_Handler:00000000 TIMER0_TRG_CMT_IRQHandler
../gcc_startup/startup_gd32f30x_hd.S:58     .text.Default_Handler:00000000 TIMER0_Channel_IRQHandler
../gcc_startup/startup_gd32f30x_hd.S:58     .text.Default_Handler:00000000 TIMER1_IRQHandler
../gcc_startup/startup_gd32f30x_hd.S:58     .text.Default_Handler:00000000 TIMER2_IRQHandler
../gcc_startup/startup_gd32f30x_hd.S:58     .text.Default_Handler:00000000 TIMER3_IRQHandler
../gcc_startup/startup_gd32f30x_hd.S:58     .text.Default_Handler:00000000 I2C0_EV_IRQHandler
../gcc_startup/startup_gd32f30x_hd.S:58     .text.Default_Handler:00000000 I2C0_ER_IRQHandler
../gcc_startup/startup_gd32f30x_hd.S:58     .text.Default_Handler:00000000 I2C1_EV_IRQHandler
../gcc_startup/startup_gd32f30x_hd.S:58     .text.Default_Handler:00000000 I2C1_ER_IRQHandler
../gcc_startup/startup_gd32f30x_hd.S:58     .text.Default_Handler:00000000 SPI0_IRQHandler
../gcc_startup/startup_gd32f30x_hd.S:58     .text.Default_Handler:00000000 SPI1_IRQHandler
../gcc_startup/startup_gd32f30x_hd.S:58     .text.Default_Handler:00000000 USART0_IRQHandler
../gcc_startup/startup_gd32f30x_hd.S:58     .text.Default_Handler:00000000 USART1_IRQHandler
../gcc_startup/startup_gd32f30x_hd.S:58     .text.Default_Handler:00000000 USART2_IRQHandler
../gcc_startup/startup_gd32f30x_hd.S:58     .text.Default_Handler:00000000 EXTI10_15_IRQHandler
../gcc_startup/startup_gd32f30x_hd.S:58     .text.Default_Handler:00000000 RTC_Alarm_IRQHandler
../gcc_startup/startup_gd32f30x_hd.S:58     .text.Default_Handler:00000000 USBD_WKUP_IRQHandler
../gcc_startup/startup_gd32f30x_hd.S:58     .text.Default_Handler:00000000 TIMER7_BRK_IRQHandler
../gcc_startup/startup_gd32f30x_hd.S:58     .text.Default_Handler:00000000 TIMER7_UP_IRQHandler
../gcc_startup/startup_gd32f30x_hd.S:58     .text.Default_Handler:00000000 TIMER7_TRG_CMT_IRQHandler
../gcc_startup/startup_gd32f30x_hd.S:58     .text.Default_Handler:00000000 TIMER7_Channel_IRQHandler
../gcc_startup/startup_gd32f30x_hd.S:58     .text.Default_Handler:00000000 ADC2_IRQHandler
../gcc_startup/startup_gd32f30x_hd.S:58     .text.Default_Handler:00000000 EXMC_IRQHandler
../gcc_startup/startup_gd32f30x_hd.S:58     .text.Default_Handler:00000000 SDIO_IRQHandler
../gcc_startup/startup_gd32f30x_hd.S:58     .text.Default_Handler:00000000 TIMER4_IRQHandler
../gcc_startup/startup_gd32f30x_hd.S:58     .text.Default_Handler:00000000 SPI2_IRQHandler
../gcc_startup/startup_gd32f30x_hd.S:58     .text.Default_Handler:00000000 UART3_IRQHandler
../gcc_startup/startup_gd32f30x_hd.S:58     .text.Default_Handler:00000000 UART4_IRQHandler
../gcc_startup/startup_gd32f30x_hd.S:58     .text.Default_Handler:00000000 TIMER5_IRQHandler
../gcc_startup/startup_gd32f30x_hd.S:58     .text.Default_Handler:00000000 TIMER6_IRQHandler
../gcc_startup/startup_gd32f30x_hd.S:58     .text.Default_Handler:00000000 DMA1_Channel0_IRQHandler
../gcc_startup/startup_gd32f30x_hd.S:58     .text.Default_Handler:00000000 DMA1_Channel1_IRQHandler
../gcc_startup/startup_gd32f30x_hd.S:58     .text.Default_Handler:00000000 DMA1_Channel2_IRQHandler
../gcc_startup/startup_gd32f30x_hd.S:58     .text.Default_Handler:00000000 DMA1_Channel3_4_IRQHandler
../gcc_startup/startup_gd32f30x_hd.S:353    .text.Reset_Handler:00000034 $d
                            .text:00000000 $d

UNDEFINED SYMBOLS
_sidata
_sdata
_edata
_sbss
_ebss
SystemInit
__libc_init_array
main
_sp
